Component: ARM Compiler 5.06 update 6 (build 750) Tool: armlink [4d35ed]

==============================================================================

Section Cross References

    startup_stm32f407xx.o(STACK) refers (Special) to heapauxi.o(.text) for __use_two_region_memory
    startup_stm32f407xx.o(HEAP) refers (Special) to heapauxi.o(.text) for __use_two_region_memory
    startup_stm32f407xx.o(RESET) refers (Special) to heapauxi.o(.text) for __use_two_region_memory
    startup_stm32f407xx.o(RESET) refers to startup_stm32f407xx.o(STACK) for __initial_sp
    startup_stm32f407xx.o(RESET) refers to startup_stm32f407xx.o(.text) for Reset_Handler
    startup_stm32f407xx.o(RESET) refers to stm32f4xx_it.o(i.NMI_Handler) for NMI_Handler
    startup_stm32f407xx.o(RESET) refers to stm32f4xx_it.o(i.HardFault_Handler) for HardFault_Handler
    startup_stm32f407xx.o(RESET) refers to stm32f4xx_it.o(i.MemManage_Handler) for MemManage_Handler
    startup_stm32f407xx.o(RESET) refers to stm32f4xx_it.o(i.BusFault_Handler) for BusFault_Handler
    startup_stm32f407xx.o(RESET) refers to stm32f4xx_it.o(i.UsageFault_Handler) for UsageFault_Handler
    startup_stm32f407xx.o(RESET) refers to stm32f4xx_it.o(i.SVC_Handler) for SVC_Handler
    startup_stm32f407xx.o(RESET) refers to stm32f4xx_it.o(i.DebugMon_Handler) for DebugMon_Handler
    startup_stm32f407xx.o(RESET) refers to os_cpu_a.o(CODE) for PendSV_Handler
    startup_stm32f407xx.o(RESET) refers to delay.o(i.SysTick_Handler) for SysTick_Handler
    startup_stm32f407xx.o(RESET) refers to stm32f4xx_it.o(i.TIM1_UP_TIM10_IRQHandler) for TIM1_UP_TIM10_IRQHandler
    startup_stm32f407xx.o(RESET) refers to stm32f4xx_it.o(i.USART1_IRQHandler) for USART1_IRQHandler
    startup_stm32f407xx.o(.text) refers (Special) to heapauxi.o(.text) for __use_two_region_memory
    startup_stm32f407xx.o(.text) refers to system_stm32f4xx.o(i.SystemInit) for SystemInit
    startup_stm32f407xx.o(.text) refers to __main.o(!!!main) for __main
    startup_stm32f407xx.o(.text) refers to startup_stm32f407xx.o(HEAP) for Heap_Mem
    startup_stm32f407xx.o(.text) refers to startup_stm32f407xx.o(STACK) for Stack_Mem
    main.o(.rev16_text) refers (Special) to use_no_semi_2.o(.text) for __use_no_semihosting
    main.o(.revsh_text) refers (Special) to use_no_semi_2.o(.text) for __use_no_semihosting
    main.o(.rrx_text) refers (Special) to use_no_semi_2.o(.text) for __use_no_semihosting
    main.o(i.Error_Handler) refers (Special) to use_no_semi_2.o(.text) for __use_no_semihosting
    main.o(i.HAL_TIM_PeriodElapsedCallback) refers (Special) to use_no_semi_2.o(.text) for __use_no_semihosting
    main.o(i.HAL_TIM_PeriodElapsedCallback) refers to stm32f4xx_hal.o(i.HAL_IncTick) for HAL_IncTick
    main.o(i.SystemClock_Config) refers (Special) to use_no_semi_2.o(.text) for __use_no_semihosting
    main.o(i.SystemClock_Config) refers to rt_memclr_w.o(.text) for __aeabi_memclr4
    main.o(i.SystemClock_Config) refers to stm32f4xx_hal_rcc.o(i.HAL_RCC_OscConfig) for HAL_RCC_OscConfig
    main.o(i.SystemClock_Config) refers to stm32f4xx_hal_rcc.o(i.HAL_RCC_ClockConfig) for HAL_RCC_ClockConfig
    main.o(i._sys_exit) refers (Special) to use_no_semi_2.o(.text) for __use_no_semihosting
    main.o(i.fputc) refers (Special) to use_no_semi_2.o(.text) for __use_no_semihosting
    main.o(i.main) refers (Special) to use_no_semi_2.o(.text) for __use_no_semihosting
    main.o(i.main) refers to delay.o(i.delay_init) for delay_init
    main.o(i.main) refers to stm32f4xx_hal.o(i.HAL_Init) for HAL_Init
    main.o(i.main) refers to main.o(i.SystemClock_Config) for SystemClock_Config
    main.o(i.main) refers to gpio.o(i.MX_GPIO_Init) for MX_GPIO_Init
    main.o(i.main) refers to fsmc.o(i.MX_FSMC_Init) for MX_FSMC_Init
    main.o(i.main) refers to usart.o(i.MX_USART1_UART_Init) for MX_USART1_UART_Init
    main.o(i.main) refers to tim.o(i.MX_TIM7_Init) for MX_TIM7_Init
    main.o(i.main) refers to ili93xx.o(i.TFTLCD_Init) for TFTLCD_Init
    main.o(i.main) refers to malloc.o(i.my_mem_init) for my_mem_init
    main.o(i.main) refers to ili93xx.o(i.LCD_Clear) for LCD_Clear
    main.o(i.main) refers to ili93xx.o(i.LCD_ShowString) for LCD_ShowString
    main.o(i.main) refers to os_core.o(i.OSInit) for OSInit
    main.o(i.main) refers to cpu_a.o(.text) for CPU_SR_Save
    main.o(i.main) refers to os_task.o(i.OSTaskCreate) for OSTaskCreate
    main.o(i.main) refers to os_core.o(i.OS_Sched0) for OS_Sched0
    main.o(i.main) refers to os_core.o(i.OSStart) for OSStart
    main.o(i.main) refers to os_var.o(.data) for OSSchedLockNestingCtr
    main.o(i.main) refers to main.o(.bss) for .bss
    main.o(i.main) refers to main.o(i.start_task) for start_task
    main.o(i.main) refers to os_var.o(.data) for OSIntQNbrEntries
    main.o(i.start_task) refers (Special) to use_no_semi_2.o(.text) for __use_no_semihosting
    main.o(i.start_task) refers to cpu_core.o(i.CPU_Init) for CPU_Init
[...]
    FSMC_NORSRAM_Init                        0x080016ed   Thumb Code    80  stm32f4xx_ll_fsmc.o(i.FSMC_NORSRAM_Init)
    FSMC_NORSRAM_Timing_Init                 0x08001741   Thumb Code    64  stm32f4xx_ll_fsmc.o(i.FSMC_NORSRAM_Timing_Init)
    HAL_DMA_Abort_IT                         0x08001785   Thumb Code    36  stm32f4xx_hal_dma.o(i.HAL_DMA_Abort_IT)
    HAL_Delay                                0x080017a9   Thumb Code    32  stm32f4xx_hal.o(i.HAL_Delay)
    HAL_GPIO_Init                            0x08001875   Thumb Code   394  stm32f4xx_hal_gpio.o(i.HAL_GPIO_Init)
    HAL_GPIO_TogglePin                       0x08001a2d   Thumb Code    14  stm32f4xx_hal_gpio.o(i.HAL_GPIO_TogglePin)
    HAL_GPIO_WritePin                        0x08001a3b   Thumb Code    10  stm32f4xx_hal_gpio.o(i.HAL_GPIO_WritePin)
    HAL_GetTick                              0x08001a45   Thumb Code     6  stm32f4xx_hal.o(i.HAL_GetTick)
    HAL_IncTick                              0x08001a51   Thumb Code    12  stm32f4xx_hal.o(i.HAL_IncTick)
    HAL_Init                                 0x08001a61   Thumb Code    48  stm32f4xx_hal.o(i.HAL_Init)
    HAL_InitTick                             0x08001a95   Thumb Code   100  stm32f4xx_hal_timebase_tim.o(i.HAL_InitTick)
    HAL_MspInit                              0x08001b09   Thumb Code    42  stm32f4xx_hal_msp.o(i.HAL_MspInit)
    HAL_NVIC_EnableIRQ                       0x08001b39   Thumb Code    26  stm32f4xx_hal_cortex.o(i.HAL_NVIC_EnableIRQ)
    HAL_NVIC_SetPriority                     0x08001b55   Thumb Code    60  stm32f4xx_hal_cortex.o(i.HAL_NVIC_SetPriority)
    HAL_NVIC_SetPriorityGrouping             0x08001b95   Thumb Code    26  stm32f4xx_hal_cortex.o(i.HAL_NVIC_SetPriorityGrouping)
    HAL_RCC_ClockConfig                      0x08001bb9   Thumb Code   288  stm32f4xx_hal_rcc.o(i.HAL_RCC_ClockConfig)
    HAL_RCC_GetClockConfig                   0x08001ced   Thumb Code    54  stm32f4xx_hal_rcc.o(i.HAL_RCC_GetClockConfig)
    HAL_RCC_GetHCLKFreq                      0x08001d2d   Thumb Code     6  stm32f4xx_hal_rcc.o(i.HAL_RCC_GetHCLKFreq)
    HAL_RCC_GetPCLK1Freq                     0x08001d39   Thumb Code    20  stm32f4xx_hal_rcc.o(i.HAL_RCC_GetPCLK1Freq)
    HAL_RCC_GetPCLK2Freq                     0x08001d59   Thumb Code    20  stm32f4xx_hal_rcc.o(i.HAL_RCC_GetPCLK2Freq)
    HAL_RCC_GetSysClockFreq                  0x08001d79   Thumb Code    88  stm32f4xx_hal_rcc.o(i.HAL_RCC_GetSysClockFreq)
    HAL_RCC_OscConfig                        0x08001dd9   Thumb Code   840  stm32f4xx_hal_rcc.o(i.HAL_RCC_OscConfig)
    HAL_SRAM_Init                            0x08002135   Thumb Code    86  stm32f4xx_hal_sram.o(i.HAL_SRAM_Init)
    HAL_SRAM_MspInit                         0x0800218b   Thumb Code     4  fsmc.o(i.HAL_SRAM_MspInit)
    HAL_TIMEx_BreakCallback                  0x0800218f   Thumb Code     2  stm32f4xx_hal_tim_ex.o(i.HAL_TIMEx_BreakCallback)
    HAL_TIMEx_CommutCallback                 0x08002191   Thumb Code     2  stm32f4xx_hal_tim_ex.o(i.HAL_TIMEx_CommutCallback)
    HAL_TIMEx_MasterConfigSynchronization    0x08002195   Thumb Code   116  stm32f4xx_hal_tim_ex.o(i.HAL_TIMEx_MasterConfigSynchronization)
    HAL_TIM_Base_Init                        0x08002225   Thumb Code    54  stm32f4xx_hal_tim.o(i.HAL_TIM_Base_Init)
    HAL_TIM_Base_MspInit                     0x0800225d   Thumb Code    30  tim.o(i.HAL_TIM_Base_MspInit)
    HAL_TIM_Base_Start_IT                    0x08002285   Thumb Code    34  stm32f4xx_hal_tim.o(i.HAL_TIM_Base_Start_IT)
    HAL_TIM_IC_CaptureCallback               0x080022a7   Thumb Code     2  stm32f4xx_hal_tim.o(i.HAL_TIM_IC_CaptureCallback)
    HAL_TIM_IRQHandler                       0x080022a9   Thumb Code   358  stm32f4xx_hal_tim.o(i.HAL_TIM_IRQHandler)
    HAL_TIM_OC_DelayElapsedCallback          0x0800240f   Thumb Code     2  stm32f4xx_hal_tim.o(i.HAL_TIM_OC_DelayElapsedCallback)
    HAL_TIM_PWM_PulseFinishedCallback        0x08002411   Thumb Code     2  stm32f4xx_hal_tim.o(i.HAL_TIM_PWM_PulseFinishedCallback)
    HAL_TIM_PeriodElapsedCallback            0x08002415   Thumb Code    14  main.o(i.HAL_TIM_PeriodElapsedCallback)
    HAL_TIM_TriggerCallback                  0x08002429   Thumb Code     2  stm32f4xx_hal_tim.o(i.HAL_TIM_TriggerCallback)
    HAL_UART_ErrorCallback                   0x0800242b   Thumb Code     2  stm32f4xx_hal_uart.o(i.HAL_UART_ErrorCallback)
    HAL_UART_IRQHandler                      0x0800242d   Thumb Code   270  stm32f4xx_hal_uart.o(i.HAL_UART_IRQHandler)
    HAL_UART_Init                            0x08002541   Thumb Code    98  stm32f4xx_hal_uart.o(i.HAL_UART_Init)
    HAL_UART_MspInit                         0x080025a5   Thumb Code   110  usart.o(i.HAL_UART_MspInit)
    HAL_UART_RxCpltCallback                  0x08002621   Thumb Code     2  stm32f4xx_hal_uart.o(i.HAL_UART_RxCpltCallback)
    HAL_UART_TxCpltCallback                  0x08002623   Thumb Code     2  stm32f4xx_hal_uart.o(i.HAL_UART_TxCpltCallback)
    HardFault_Handler                        0x08002625   Thumb Code     2  stm32f4xx_it.o(i.HardFault_Handler)
    LCD_Clear                                0x08002629   Thumb Code    48  ili93xx.o(i.LCD_Clear)
    LCD_Display_Dir                          0x0800265d   Thumb Code   212  ili93xx.o(i.LCD_Display_Dir)
    LCD_DrawLine                             0x08002735   Thumb Code   154  ili93xx.o(i.LCD_DrawLine)
    LCD_DrawPoint                            0x080027d1   Thumb Code    24  ili93xx.o(i.LCD_DrawPoint)
    LCD_DrawRectangle                        0x080027ed   Thumb Code    56  ili93xx.o(i.LCD_DrawRectangle)
    LCD_Fast_DrawPoint                       0x08002825   Thumb Code   278  ili93xx.o(i.LCD_Fast_DrawPoint)
    LCD_Fill                                 0x08002941   Thumb Code    72  ili93xx.o(i.LCD_Fill)
    LCD_Pow                                  0x08002989   Thumb Code    16  ili93xx.o(i.LCD_Pow)
    LCD_RD_DATA                              0x08002999   Thumb Code    20  ili93xx.o(i.LCD_RD_DATA)
    LCD_SSD_BackLightSet                     0x080029ad   Thumb Code    72  ili93xx.o(i.LCD_SSD_BackLightSet)
    LCD_Scan_Dir                             0x080029fd   Thumb Code   434  ili93xx.o(i.LCD_Scan_Dir)
    LCD_SetCursor                            0x08002bb5   Thumb Code   254  ili93xx.o(i.LCD_SetCursor)
    LCD_ShowChar                             0x08002cb9   Thumb Code   204  ili93xx.o(i.LCD_ShowChar)
    LCD_ShowString                           0x08002d9d   Thumb Code    84  ili93xx.o(i.LCD_ShowString)
    LCD_ShowxNum                             0x08002df1   Thumb Code   134  ili93xx.o(i.LCD_ShowxNum)
    LCD_WR_DATA                              0x08002e77   Thumb Code    24  ili93xx.o(i.LCD_WR_DATA)
    LCD_WR_REG                               0x08002e8f   Thumb Code    24  ili93xx.o(i.LCD_WR_REG)
    LCD_WriteRAM_Prepare                     0x08002ea9   Thumb Code    14  ili93xx.o(i.LCD_WriteRAM_Prepare)
    LCD_WriteReg                             0x08002ebd   Thumb Code    12  ili93xx.o(i.LCD_WriteReg)
    MX_FSMC_Init                             0x08002ec9   Thumb Code   206  fsmc.o(i.MX_FSMC_Init)
    MX_GPIO_Init                             0x08002fa1   Thumb Code   252  gpio.o(i.MX_GPIO_Init)
    MX_TIM7_Init                             0x080030b1   Thumb Code    58  tim.o(i.MX_TIM7_Init)
    MX_USART1_UART_Init                      0x080030f5   Thumb Code    48  usart.o(i.MX_USART1_UART_Init)
    MemManage_Handler                        0x0800312d   Thumb Code     2  stm32f4xx_it.o(i.MemManage_Handler)
    Mem_Clr                                  0x0800312f   Thumb Code     8  lib_mem.o(i.Mem_Clr)
    Mem_Set                                  0x08003139   Thumb Code    68  lib_mem.o(i.Mem_Set)
    NMI_Handler                              0x0800317d   Thumb Code     2  stm32f4xx_it.o(i.NMI_Handler)
    OSCfg_Init                               0x0800317f   Thumb Code     2  os_cfg_app.o(i.OSCfg_Init)
    OSIdleTaskHook                           0x08003181   Thumb Code    12  os_cpu_c.o(i.OSIdleTaskHook)
    OSInit                                   0x08003191   Thumb Code   290  os_core.o(i.OSInit)
    OSInitHook                               0x08003315   Thumb Code    22  os_cpu_c.o(i.OSInitHook)
    OSIntEnter                               0x08003339   Thumb Code    22  os_core.o(i.OSIntEnter)
    OSIntExit                                0x08003359   Thumb Code   100  os_core.o(i.OSIntExit)
    OSSched                                  0x080033dd   Thumb Code    86  os_core.o(i.OSSched)
    OSSchedLock                              0x08003451   Thumb Code    72  os_core.o(i.OSSchedLock)
    OSSchedRoundRobinCfg                     0x080034a5   Thumb Code    60  os_core.o(i.OSSchedRoundRobinCfg)
    OSSchedUnlock                            0x080034ed   Thumb Code    92  os_core.o(i.OSSchedUnlock)
    OSStart                                  0x08003555   Thumb Code    62  os_core.o(i.OSStart)
    OSStatReset                              0x080035ad   Thumb Code   154  os_stat.o(i.OSStatReset)
    OSStatTaskCPUUsageInit                   0x08003671   Thumb Code   126  os_stat.o(i.OSStatTaskCPUUsageInit)
    OSStatTaskHook                           0x0800370d   Thumb Code    12  os_cpu_c.o(i.OSStatTaskHook)
    OSTaskCreate                             0x0800371d   Thumb Code   400  os_task.o(i.OSTaskCreate)
    OSTaskCreateHook                         0x080038d1   Thumb Code    12  os_cpu_c.o(i.OSTaskCreateHook)
    OSTaskDel                                0x080038e1   Thumb Code   252  os_task.o(i.OSTaskDel)
    OSTaskDelHook                            0x080039f9   Thumb Code    12  os_cpu_c.o(i.OSTaskDelHook)
    OSTaskResume                             0x08003a09   Thumb Code    80  os_task.o(i.OSTaskResume)
    OSTaskReturnHook                         0x08003a65   Thumb Code    12  os_cpu_c.o(i.OSTaskReturnHook)
    OSTaskSemPend                            0x08003a75   Thumb Code   302  os_task.o(i.OSTaskSemPend)
    OSTaskStkChk                             0x08003bb1   Thumb Code   138  os_task.o(i.OSTaskStkChk)
    OSTaskStkInit                            0x08003c45   Thumb Code   306  os_cpu_c.o(i.OSTaskStkInit)
    OSTaskSuspend                            0x08003d7d   Thumb Code    66  os_task.o(i.OSTaskSuspend)
    OSTaskSwHook                             0x08003dd1   Thumb Code    72  os_cpu_c.o(i.OSTaskSwHook)
    OSTimeDly                                0x08003e29   Thumb Code   158  os_time.o(i.OSTimeDly)
    OSTimeDlyHMSM                            0x08003ed5   Thumb Code   306  os_time.o(i.OSTimeDlyHMSM)
    OSTimeTick                               0x08004019   Thumb Code    52  os_time.o(i.OSTimeTick)
    OSTimeTickHook                           0x08004059   Thumb Code    12  os_cpu_c.o(i.OSTimeTickHook)
    OS_Dbg_Init                              0x08004069   Thumb Code     2  os_dbg.o(i.OS_Dbg_Init)
    OS_FlagInit                              0x0800406d   Thumb Code    14  os_flag.o(i.OS_FlagInit)
    OS_FlagPost                              0x08004085   Thumb Code   286  os_flag.o(i.OS_FlagPost)
    OS_FlagTaskRdy                           0x080041ad   Thumb Code    68  os_flag.o(i.OS_FlagTaskRdy)
    OS_IdleTask                              0x080041f1   Thumb Code    30  os_core.o(i.OS_IdleTask)
    OS_IdleTaskInit                          0x08004219   Thumb Code    60  os_core.o(i.OS_IdleTaskInit)
    OS_IntQPost                              0x08004281   Thumb Code   138  os_int.o(i.OS_IntQPost)
    OS_IntQRePost                            0x08004331   Thumb Code   224  os_int.o(i.OS_IntQRePost)
    OS_IntQTask                              0x0800444d   Thumb Code    96  os_int.o(i.OS_IntQTask)
    OS_IntQTaskInit                          0x080044bd   Thumb Code   192  os_int.o(i.OS_IntQTaskInit)
    OS_MemInit                               0x080045d5   Thumb Code    14  os_mem.o(i.OS_MemInit)
    OS_MsgPoolCreate                         0x080045ed   Thumb Code    48  os_msg.o(i.OS_MsgPoolCreate)
    OS_MsgPoolInit                           0x0800461d   Thumb Code    58  os_msg.o(i.OS_MsgPoolInit)
    OS_MsgQFreeAll                           0x08004665   Thumb Code    48  os_msg.o(i.OS_MsgQFreeAll)
    OS_MsgQInit                              0x08004699   Thumb Code    14  os_msg.o(i.OS_MsgQInit)
    OS_MsgQPut                               0x080046a9   Thumb Code   128  os_msg.o(i.OS_MsgQPut)
    OS_MutexInit                             0x0800472d   Thumb Code    14  os_mutex.o(i.OS_MutexInit)
    OS_Pend                                  0x08004745   Thumb Code    74  os_core.o(i.OS_Pend)
    OS_PendDataInit                          0x08004795   Thumb Code    48  os_core.o(i.OS_PendDataInit)
    OS_PendDbgNameAdd                        0x080047c5   Thumb Code    46  os_core.o(i.OS_PendDbgNameAdd)
    OS_PendDbgNameRemove                     0x0800480d   Thumb Code    22  os_core.o(i.OS_PendDbgNameRemove)
    OS_PendListInsertPrio                    0x08004829   Thumb Code    90  os_core.o(i.OS_PendListInsertPrio)
    OS_PendListRemove                        0x08004883   Thumb Code    38  os_core.o(i.OS_PendListRemove)
    OS_PendListRemove1                       0x080048a9   Thumb Code    54  os_core.o(i.OS_PendListRemove1)
    OS_Post                                  0x080048df   Thumb Code   152  os_core.o(i.OS_Post)
    OS_Post1                                 0x08004977   Thumb Code    38  os_core.o(i.OS_Post1)
    OS_PrioGetHighest                        0x0800499d   Thumb Code    32  os_prio.o(i.OS_PrioGetHighest)
    OS_PrioInit                              0x080049c1   Thumb Code    20  os_prio.o(i.OS_PrioInit)
    OS_PrioInsert                            0x080049d9   Thumb Code    28  os_prio.o(i.OS_PrioInsert)
    OS_PrioRemove                            0x080049f9   Thumb Code    28  os_prio.o(i.OS_PrioRemove)
    OS_QInit                                 0x08004a19   Thumb Code    14  os_q.o(i.OS_QInit)
    OS_QPost                                 0x08004a31   Thumb Code   186  os_q.o(i.OS_QPost)
    OS_RdyListInit                           0x08004af5   Thumb Code    32  os_core.o(i.OS_RdyListInit)
    OS_RdyListInsert                         0x08004b19   Thumb Code    42  os_core.o(i.OS_RdyListInsert)
    OS_RdyListInsertHead                     0x08004b49   Thumb Code    52  os_core.o(i.OS_RdyListInsertHead)
    OS_RdyListInsertTail                     0x08004b81   Thumb Code    48  os_core.o(i.OS_RdyListInsertTail)
    OS_RdyListMoveHeadToTail                 0x08004bb5   Thumb Code    52  os_core.o(i.OS_RdyListMoveHeadToTail)
    OS_RdyListRemove                         0x08004be9   Thumb Code    78  os_core.o(i.OS_RdyListRemove)
    OS_Sched0                                0x08004c3d   Thumb Code    50  os_core.o(i.OS_Sched0)
    OS_SchedLockTimeMeasStart                0x08004c81   Thumb Code    20  os_core.o(i.OS_SchedLockTimeMeasStart)
    OS_SchedLockTimeMeasStop                 0x08004c9d   Thumb Code    42  os_core.o(i.OS_SchedLockTimeMeasStop)
    OS_SchedRoundRobin                       0x08004cd9   Thumb Code    84  os_core.o(i.OS_SchedRoundRobin)
    OS_SemInit                               0x08004d3d   Thumb Code    14  os_sem.o(i.OS_SemInit)
    OS_SemPost                               0x08004d55   Thumb Code   174  os_sem.o(i.OS_SemPost)
    OS_StatTask                              0x08004e09   Thumb Code   490  os_stat.o(i.OS_StatTask)
    OS_StatTaskInit                          0x08005039   Thumb Code   118  os_stat.o(i.OS_StatTaskInit)
    OS_TaskBlock                             0x080050f5   Thumb Code    42  os_core.o(i.OS_TaskBlock)
    OS_TaskDbgListAdd                        0x08005121   Thumb Code    30  os_task.o(i.OS_TaskDbgListAdd)
    OS_TaskDbgListRemove                     0x08005145   Thumb Code    50  os_task.o(i.OS_TaskDbgListRemove)
    OS_TaskInit                              0x0800517d   Thumb Code    18  os_task.o(i.OS_TaskInit)
    OS_TaskInitTCB                           0x0800519d   Thumb Code   180  os_task.o(i.OS_TaskInitTCB)
    OS_TaskQPost                             0x0800525d   Thumb Code   222  os_task.o(i.OS_TaskQPost)
    OS_TaskRdy                               0x08005349   Thumb Code    28  os_core.o(i.OS_TaskRdy)
    OS_TaskResume                            0x08005365   Thumb Code   184  os_task.o(i.OS_TaskResume)
    OS_TaskReturn                            0x08005421   Thumb Code    20  os_task.o(i.OS_TaskReturn)
    OS_TaskSemPost                           0x08005439   Thumb Code   262  os_task.o(i.OS_TaskSemPost)
    OS_TaskSuspend                           0x0800554d   Thumb Code   160  os_task.o(i.OS_TaskSuspend)
    OS_TickListInit                          0x080055f5   Thumb Code    34  os_tick.o(i.OS_TickListInit)
    OS_TickListInsert                        0x08005621   Thumb Code   202  os_tick.o(i.OS_TickListInsert)
    OS_TickListRemove                        0x080056f9   Thumb Code    54  os_tick.o(i.OS_TickListRemove)
    OS_TickListResetPeak                     0x08005731   Thumb Code    30  os_tick.o(i.OS_TickListResetPeak)
    OS_TickListUpdate                        0x08005759   Thumb Code   310  os_tick.o(i.OS_TickListUpdate)
    OS_TickTask                              0x080058a9   Thumb Code    36  os_tick.o(i.OS_TickTask)
    OS_TickTaskInit                          0x080058d1   Thumb Code   112  os_tick.o(i.OS_TickTaskInit)
    OS_TmrInit                               0x08005979   Thumb Code   172  os_tmr.o(i.OS_TmrInit)
    OS_TmrLink                               0x08005a7d   Thumb Code   140  os_tmr.o(i.OS_TmrLink)
    OS_TmrResetPeak                          0x08005b15   Thumb Code    30  os_tmr.o(i.OS_TmrResetPeak)
    OS_TmrTask                               0x08005b3d   Thumb Code   146  os_tmr.o(i.OS_TmrTask)
    OS_TmrUnlink                             0x08005be1   Thumb Code    68  os_tmr.o(i.OS_TmrUnlink)
    SVC_Handler                              0x08005c2d   Thumb Code     2  stm32f4xx_it.o(i.SVC_Handler)
    SysTick_CLKSourceConfig                  0x08005c2f   Thumb Code    24  delay.o(i.SysTick_CLKSourceConfig)
    SysTick_Handler                          0x08005c49   Thumb Code    28  delay.o(i.SysTick_Handler)
    SystemClock_Config                       0x08005c69   Thumb Code   122  main.o(i.SystemClock_Config)
    SystemInit                               0x08005ced   Thumb Code    22  system_stm32f4xx.o(i.SystemInit)
    TFTLCD_Init                              0x08005d09   Thumb Code  8958  ili93xx.o(i.TFTLCD_Init)
    TIM1_UP_TIM10_IRQHandler                 0x0800800d   Thumb Code     6  stm32f4xx_it.o(i.TIM1_UP_TIM10_IRQHandler)
    TIM_Base_SetConfig                       0x08008019   Thumb Code   156  stm32f4xx_hal_tim.o(i.TIM_Base_SetConfig)
    USART1_IRQHandler                        0x08008331   Thumb Code     6  stm32f4xx_it.o(i.USART1_IRQHandler)
    UsageFault_Handler                       0x0800833d   Thumb Code     2  stm32f4xx_it.o(i.UsageFault_Handler)
    __ARM_fpclassify                         0x0800833f   Thumb Code    48  fpclassify.o(i.__ARM_fpclassify)
    _is_digit                                0x0800838f   Thumb Code    14  __printf_wp.o(i._is_digit)
    _sys_exit                                0x0800839d   Thumb Code     2  main.o(i._sys_exit)
    delay_init                               0x080083a1   Thumb Code    66  delay.o(i.delay_init)
    delay_ms                                 0x080083f1   Thumb Code    56  delay.o(i.delay_ms)
    delay_ostimedly                          0x08008435   Thumb Code    12  delay.o(i.delay_ostimedly)
    delay_us                                 0x08008441   Thumb Code    62  delay.o(i.delay_us)
    fputc                                    0x08008485   Thumb Code    14  main.o(i.fputc)
    main                                     0x08008499   Thumb Code   194  main.o(i.main)
    my_mem_init                              0x0800858d   Thumb Code    52  malloc.o(i.my_mem_init)
    my_mem_perused                           0x080085c9   Thumb Code    48  malloc.o(i.my_mem_perused)
    mymemset                                 0x08008601   Thumb Code    14  malloc.o(i.mymemset)
    start_task                               0x08008611   Thumb Code   208  main.o(i.start_task)
    task1_task                               0x0800872d   Thumb Code   230  main.o(i.task1_task)
    task2_task                               0x08008869   Thumb Code   216  main.o(i.task2_task)
    task3_task                               0x0800897d   Thumb Code   106  main.o(i.task3_task)
    _get_lc_numeric                          0x08008a11   Thumb Code    44  lc_numeric_c.o(locale$$code)
    __aeabi_d2uiz                            0x08008a3d   Thumb Code     0  dfixu.o(x$fpl$dfixu)
    _dfixu                                   0x08008a3d   Thumb Code    90  dfixu.o(x$fpl$dfixu)
    __aeabi_ui2d                             0x08008a97   Thumb Code     0  dflt_clz.o(x$fpl$dfltu)
    _dfltu                                   0x08008a97   Thumb Code    38  dflt_clz.o(x$fpl$dfltu)
    __aeabi_dmul                             0x08008abd   Thumb Code     0  dmul.o(x$fpl$dmul)
    _dmul                                    0x08008abd   Thumb Code   332  dmul.o(x$fpl$dmul)
    __fpl_dnaninf                            0x08008c11   Thumb Code   156  dnaninf.o(x$fpl$dnaninf)
    __fpl_dretinf                            0x08008cad   Thumb Code    12  dretinf.o(x$fpl$dretinf)
    __aeabi_f2d                              0x08008cb9   Thumb Code     0  f2d.o(x$fpl$f2d)
    _f2d                                     0x08008cb9   Thumb Code    86  f2d.o(x$fpl$f2d)
    __fpl_fnaninf                            0x08008d0f   Thumb Code   140  fnaninf.o(x$fpl$fnaninf)
    _fp_init                                 0x08008d9b   Thumb Code    10  fpinit.o(x$fpl$fpinit)
    __fplib_config_fpu_vfp                   0x08008da3   Thumb Code     0  fpinit.o(x$fpl$fpinit)
    __fplib_config_pureend_doubles           0x08008da3   Thumb Code     0  fpinit.o(x$fpl$fpinit)
    _printf_fp_dec                           0x08008da5   Thumb Code     4  printf1.o(x$fpl$printf1)
    AHBPrescTable                            0x08008da8   Data          16  system_stm32f4xx.o(.constdata)
    __I$use$fp                               0x08008da8   Number         0  usenofp.o(x$fpl$usenofp)
    APBPrescTable                            0x08008db8   Data           8  system_stm32f4xx.o(.constdata)
    asc2_1206                                0x08008dc0   Data        1140  ili93xx.o(.constdata)
    asc2_1608                                0x08009234   Data        1520  ili93xx.o(.constdata)
    asc2_2412                                0x08009824   Data        3420  ili93xx.o(.constdata)
    asc2_3216                                0x0800a580   Data       12160  ili93xx.o(.constdata)
    memtblsize                               0x0800d500   Data          12  malloc.o(.constdata)
    memblksize                               0x0800d50c   Data          12  malloc.o(.constdata)
    memsize                                  0x0800d518   Data          12  malloc.o(.constdata)
    OSCfg_StatTaskPrio                       0x0800d524   Data           1  os_cfg_app.o(.constdata)
    OSCfg_TickTaskPrio                       0x0800d525   Data           1  os_cfg_app.o(.constdata)
    OSCfg_TmrTaskPrio                        0x0800d526   Data           1  os_cfg_app.o(.constdata)
    OSCfg_IntQSize                           0x0800d528   Data           2  os_cfg_app.o(.constdata)
    OSCfg_MsgPoolSize                        0x0800d52a   Data           2  os_cfg_app.o(.constdata)
    OSCfg_TickWheelSize                      0x0800d52c   Data           2  os_cfg_app.o(.constdata)
    OSCfg_TmrWheelSize                       0x0800d52e   Data           2  os_cfg_app.o(.constdata)
    OSCfg_IdleTaskStkBasePtr                 0x0800d530   Data           4  os_cfg_app.o(.constdata)
    OSCfg_IdleTaskStkLimit                   0x0800d534   Data           4  os_cfg_app.o(.constdata)
    OSCfg_IdleTaskStkSize                    0x0800d538   Data           4  os_cfg_app.o(.constdata)
    OSCfg_IdleTaskStkSizeRAM                 0x0800d53c   Data           4  os_cfg_app.o(.constdata)
    OSCfg_IntQBasePtr                        0x0800d540   Data           4  os_cfg_app.o(.constdata)
    OSCfg_IntQSizeRAM                        0x0800d544   Data           4  os_cfg_app.o(.constdata)
    OSCfg_IntQTaskStkBasePtr                 0x0800d548   Data           4  os_cfg_app.o(.constdata)
    OSCfg_IntQTaskStkLimit                   0x0800d54c   Data           4  os_cfg_app.o(.constdata)
    OSCfg_IntQTaskStkSize                    0x0800d550   Data           4  os_cfg_app.o(.constdata)
    OSCfg_IntQTaskStkSizeRAM                 0x0800d554   Data           4  os_cfg_app.o(.constdata)
    OSCfg_ISRStkBasePtr                      0x0800d558   Data           4  os_cfg_app.o(.constdata)
    OSCfg_ISRStkSize                         0x0800d55c   Data           4  os_cfg_app.o(.constdata)
    OSCfg_ISRStkSizeRAM                      0x0800d560   Data           4  os_cfg_app.o(.constdata)
    OSCfg_MsgPoolSizeRAM                     0x0800d564   Data           4  os_cfg_app.o(.constdata)
    OSCfg_MsgPoolBasePtr                     0x0800d568   Data           4  os_cfg_app.o(.constdata)
    OSCfg_StatTaskRate_Hz                    0x0800d56c   Data           4  os_cfg_app.o(.constdata)
    OSCfg_StatTaskStkBasePtr                 0x0800d570   Data           4  os_cfg_app.o(.constdata)
    OSCfg_StatTaskStkLimit                   0x0800d574   Data           4  os_cfg_app.o(.constdata)
    OSCfg_StatTaskStkSize                    0x0800d578   Data           4  os_cfg_app.o(.constdata)
    OSCfg_StatTaskStkSizeRAM                 0x0800d57c   Data           4  os_cfg_app.o(.constdata)
    OSCfg_StkSizeMin                         0x0800d580   Data           4  os_cfg_app.o(.constdata)
    OSCfg_TickRate_Hz                        0x0800d584   Data           4  os_cfg_app.o(.constdata)
    OSCfg_TickTaskStkBasePtr                 0x0800d588   Data           4  os_cfg_app.o(.constdata)
    OSCfg_TickTaskStkLimit                   0x0800d58c   Data           4  os_cfg_app.o(.constdata)
    OSCfg_TickTaskStkSize                    0x0800d590   Data           4  os_cfg_app.o(.constdata)
    OSCfg_TickTaskStkSizeRAM                 0x0800d594   Data           4  os_cfg_app.o(.constdata)
    OSCfg_TickWheelSizeRAM                   0x0800d598   Data           4  os_cfg_app.o(.constdata)
    OSCfg_TmrTaskRate_Hz                     0x0800d59c   Data           4  os_cfg_app.o(.constdata)
    OSCfg_TmrTaskStkBasePtr                  0x0800d5a0   Data           4  os_cfg_app.o(.constdata)
    OSCfg_TmrTaskStkLimit                    0x0800d5a4   Data           4  os_cfg_app.o(.constdata)
    OSCfg_TmrTaskStkSize                     0x0800d5a8   Data           4  os_cfg_app.o(.constdata)
    OSCfg_TmrTaskStkSizeRAM                  0x0800d5ac   Data           4  os_cfg_app.o(.constdata)
    OSCfg_TmrWheelSizeRAM                    0x0800d5b0   Data           4  os_cfg_app.o(.constdata)
    OSCfg_DataSizeRAM                        0x0800d5b4   Data           4  os_cfg_app.o(.constdata)
    Region$$Table$$Base                      0x0800d64c   Number         0  anon$$obj.o(Region$$Table)
    Region$$Table$$Limit                     0x0800d66c   Number         0  anon$$obj.o(Region$$Table)
    mem3base                                 0x10000000   Data       61440  malloc.o(.ARM.__AT_0x10000000)
    mem3mapbase                              0x1000f000   Data        3840  malloc.o(.ARM.__AT_0x1000F000)
    lcd_discolor                             0x20000004   Data          56  main.o(.data)
    __stdout                                 0x2000003c   Data           4  main.o(.data)
    uwTickFreq                               0x20000048   Data           1  stm32f4xx_hal.o(.data)
    uwTickPrio                               0x2000004c   Data           4  stm32f4xx_hal.o(.data)
    uwTick                                   0x20000050   Data           4  stm32f4xx_hal.o(.data)
    SystemCoreClock                          0x20000054   Data           4  system_stm32f4xx.o(.data)
    POINT_COLOR                              0x20000058   Data           4  ili93xx.o(.data)
    BACK_COLOR                               0x2000005c   Data           4  ili93xx.o(.data)
    mallco_dev                               0x20000060   Data          36  malloc.o(.data)
    CPU_TS_TmrFreq_Hz                        0x20000088   Data           4  cpu_core.o(.data)
    OSPrioTbl                                0x2000008c   Data           8  os_prio.o(.data)
    OS_AppTaskCreateHookPtr                  0x20000094   Data           4  os_var.o(.data)
    OS_AppTaskDelHookPtr                     0x20000098   Data           4  os_var.o(.data)
    OS_AppTaskReturnHookPtr                  0x2000009c   Data           4  os_var.o(.data)
    OS_AppIdleTaskHookPtr                    0x200000a0   Data           4  os_var.o(.data)
    OS_AppStatTaskHookPtr                    0x200000a4   Data           4  os_var.o(.data)
    OS_AppTaskSwHookPtr                      0x200000a8   Data           4  os_var.o(.data)
    OS_AppTimeTickHookPtr                    0x200000ac   Data           4  os_var.o(.data)
    OSIdleTaskCtr                            0x200000b0   Data           4  os_var.o(.data)
    OSIntNestingCtr                          0x200000b4   Data           1  os_var.o(.data)
    OSRunning                                0x200000b5   Data           1  os_var.o(.data)
    OSIntQInPtr                              0x200000b8   Data           4  os_var.o(.data)
    OSIntQOutPtr                             0x200000bc   Data           4  os_var.o(.data)
    OSIntQNbrEntries                         0x200000c0   Data           2  os_var.o(.data)
    OSIntQNbrEntriesMax                      0x200000c2   Data           2  os_var.o(.data)
    OSIntQOvfCtr                             0x200000c4   Data           2  os_var.o(.data)
    OSIntQTaskTimeMax                        0x200000c8   Data           4  os_var.o(.data)
    OSFlagDbgListPtr                         0x200000cc   Data           4  os_var.o(.data)
    OSFlagQty                                0x200000d0   Data           2  os_var.o(.data)
    OSMemDbgListPtr                          0x200000d4   Data           4  os_var.o(.data)
    OSMemQty                                 0x200000d8   Data           2  os_var.o(.data)
    OSMutexDbgListPtr                        0x200000dc   Data           4  os_var.o(.data)
    OSMutexQty                               0x200000e0   Data           2  os_var.o(.data)
    OSPrioCur                                0x200000e2   Data           1  os_var.o(.data)
    OSPrioHighRdy                            0x200000e3   Data           1  os_var.o(.data)
    OSPrioSaved                              0x200000e4   Data           1  os_var.o(.data)
    OSQDbgListPtr                            0x200000e8   Data           4  os_var.o(.data)
    OSQQty                                   0x200000ec   Data           2  os_var.o(.data)
    OSSchedLockTimeBegin                     0x200000f0   Data           4  os_var.o(.data)
    OSSchedLockTimeMax                       0x200000f4   Data           4  os_var.o(.data)
    OSSchedLockTimeMaxCur                    0x200000f8   Data           4  os_var.o(.data)
    OSSchedLockNestingCtr                    0x200000fc   Data           1  os_var.o(.data)
    OSSchedRoundRobinDfltTimeQuanta          0x20000100   Data           4  os_var.o(.data)
    OSSchedRoundRobinEn                      0x20000104   Data           1  os_var.o(.data)
    OSSemDbgListPtr                          0x20000108   Data           4  os_var.o(.data)
    OSSemQty                                 0x2000010c   Data           2  os_var.o(.data)
    OSStatResetFlag                          0x2000010e   Data           1  os_var.o(.data)
    OSStatTaskCPUUsage                       0x20000110   Data           2  os_var.o(.data)
    OSStatTaskCPUUsageMax                    0x20000112   Data           2  os_var.o(.data)
    OSStatTaskCtr                            0x20000114   Data           4  os_var.o(.data)
    OSStatTaskCtrMax                         0x20000118   Data           4  os_var.o(.data)
    OSStatTaskCtrRun                         0x2000011c   Data           4  os_var.o(.data)
    OSStatTaskRdy                            0x20000120   Data           1  os_var.o(.data)
    OSStatTaskTimeMax                        0x20000124   Data           4  os_var.o(.data)
    OSTaskCtxSwCtr                           0x20000128   Data           4  os_var.o(.data)
    OSTaskDbgListPtr                         0x2000012c   Data           4  os_var.o(.data)
    OSTaskQty                                0x20000130   Data           2  os_var.o(.data)
    OSTaskRegNextAvailID                     0x20000132   Data           1  os_var.o(.data)
    OSTickCtr                                0x20000134   Data           4  os_var.o(.data)
    OSTickTaskTimeMax                        0x20000138   Data           4  os_var.o(.data)
    OSTmrDbgListPtr                          0x2000013c   Data           4  os_var.o(.data)
    OSTmrTaskTimeMax                         0x20000140   Data           4  os_var.o(.data)
    OSTmrTickCtr                             0x20000144   Data           4  os_var.o(.data)
    OSTmrUpdateCnt                           0x20000148   Data           4  os_var.o(.data)
    OSTmrUpdateCtr                           0x2000014c   Data           4  os_var.o(.data)
    OSTCBCurPtr                              0x20000150   Data           4  os_var.o(.data)
    OSTCBHighRdyPtr                          0x20000154   Data           4  os_var.o(.data)
    OS_CPU_ExceptStkBase                     0x20000158   Data           4  os_cpu_c.o(.data)
    StartTaskTCB                             0x20000160   Data         196  main.o(.bss)
    START_TASK_STK                           0x20000224   Data        2048  main.o(.bss)
    TASK1_TaskTCB                            0x20000a24   Data         196  main.o(.bss)
    TASK1_TASK_STK                           0x20000ae8   Data         512  main.o(.bss)
    TASK2_TaskTCB                            0x20000ce8   Data         196  main.o(.bss)
    TASK2_TASK_STK                           0x20000dac   Data         512  main.o(.bss)
    TASK3_TaskTCB                            0x20000fac   Data         196  main.o(.bss)
    TASK3_TASK_STK                           0x20001070   Data         512  main.o(.bss)
    hsram1                                   0x20001270   Data          80  fsmc.o(.bss)
    hsram3                                   0x200012c0   Data          80  fsmc.o(.bss)
    htim7                                    0x20001310   Data          64  tim.o(.bss)
    huart1                                   0x20001350   Data          64  usart.o(.bss)
    htim1                                    0x20001390   Data          64  stm32f4xx_hal_timebase_tim.o(.bss)
    lcddev                                   0x200013d0   Data          14  ili93xx.o(.bss)
    mem1base                                 0x200013e0   Data       102400  malloc.o(.bss)
    mem1mapbase                              0x2001a3e0   Data        6400  malloc.o(.bss)
    CPU_Name                                 0x2001bce0   Data          16  cpu_core.o(.bss)
    OSCfg_IdleTaskStk                        0x2001bcf0   Data         512  os_cfg_app.o(.bss)
    OSCfg_IntQ                               0x2001bef0   Data         320  os_cfg_app.o(.bss)
    OSCfg_IntQTaskStk                        0x2001c030   Data         512  os_cfg_app.o(.bss)
    OSCfg_ISRStk                             0x2001c230   Data         512  os_cfg_app.o(.bss)
    OSCfg_MsgPool                            0x2001c430   Data        1600  os_cfg_app.o(.bss)
    OSCfg_StatTaskStk                        0x2001ca70   Data         512  os_cfg_app.o(.bss)
    OSCfg_TickTaskStk                        0x2001cc70   Data         512  os_cfg_app.o(.bss)
    OSCfg_TickWheel                          0x2001ce70   Data         136  os_cfg_app.o(.bss)
    OSCfg_TmrTaskStk                         0x2001cef8   Data         512  os_cfg_app.o(.bss)
    OSCfg_TmrWheel                           0x2001d0f8   Data         136  os_cfg_app.o(.bss)
    OSIdleTaskTCB                            0x2001d180   Data         196  os_var.o(.bss)
    OSIntQTaskTCB                            0x2001d244   Data         196  os_var.o(.bss)
    OSMsgPool                                0x2001d308   Data          12  os_var.o(.bss)
    OSRdyList                                0x2001d314   Data         768  os_var.o(.bss)
    OSStatTaskTCB                            0x2001d614   Data         196  os_var.o(.bss)
    OSTickTaskTCB                            0x2001d6d8   Data         196  os_var.o(.bss)
    OSTmrTaskTCB                             0x2001d79c   Data         196  os_var.o(.bss)
    __libspace_start                         0x2001d860   Data          96  libspace.o(.bss)
    __temporary_stack_top$libspace           0x2001d8c0   Data           0  libspace.o(.bss)
    mem2base                                 0x68000000   Data       983040  malloc.o(.ARM.__AT_0x68000000)
    mem2mapbase                              0x680f0000   Data       61440  malloc.o(.ARM.__AT_0x680F0000)



==============================================================================

Memory Map of the image

  Image Entry point : 0x08000189

  Load Region LR_IROM1 (Base: 0x08000000, Size: 0x0000d7e4, Max: 0x00100000, ABSOLUTE, COMPRESSED[0x0000d6d4])

    Execution Region ER_IROM1 (Exec base: 0x08000000, Load base: 0x08000000, Size: 0x0000d688, Max: 0x00100000, ABSOLUTE)

    Exec Addr    Load Addr    Size         Type   Attr      Idx    E Section Name        Object

    0x08000000   0x08000000   0x00000188   Data   RO            3    RESET               startup_stm32f407xx.o
    0x08000188   0x08000188   0x00000008   Code   RO         5753  * !!!main             c_w.l(__main.o)
    0x08000190   0x08000190   0x00000034   Code   RO         6001    !!!scatter          c_w.l(__scatter.o)
    0x080001c4   0x080001c4   0x0000005a   Code   RO         5999    !!dczerorl2         c_w.l(__dczerorl2.o)
    0x0800021e   0x0800021e   0x00000002   PAD
    0x08000220   0x08000220   0x0000001c   Code   RO         6003    !!handler_zi        c_w.l(__scatter_zi.o)
    0x0800023c   0x0800023c   0x00000000   Code   RO         5748    .ARM.Collect$$_printf_percent$$00000000  c_w.l(_printf_percent.o)
    0x0800023c   0x0800023c   0x00000006   Code   RO         5747    .ARM.Collect$$_printf_percent$$00000003  c_w.l(_printf_f.o)
    0x08000242   0x08000242   0x00000006   Code   RO         5746    .ARM.Collect$$_printf_percent$$00000009  c_w.l(_printf_d.o)
    0x08000248   0x08000248   0x00000004   Code   RO         5784    .ARM.Collect$$_printf_percent$$00000017  c_w.l(_printf_percent_end.o)
    0x0800024c   0x0800024c   0x00000002   Code   RO         5876    .ARM.Collect$$libinit$$00000000  c_w.l(libinit.o)
    0x0800024e   0x0800024e   0x00000004   Code   RO         5877    .ARM.Collect$$libinit$$00000001  c_w.l(libinit2.o)
    0x08000252   0x08000252   0x00000000   Code   RO         5880    .ARM.Collect$$libinit$$00000004  c_w.l(libinit2.o)
    0x08000252   0x08000252   0x00000000   Code   RO         5883    .ARM.Collect$$libinit$$0000000A  c_w.l(libinit2.o)
    0x08000252   0x08000252   0x00000000   Code   RO         5885    .ARM.Collect$$libinit$$0000000C  c_w.l(libinit2.o)
    0x08000252   0x08000252   0x00000000   Code   RO         5887    .ARM.Collect$$libinit$$0000000E  c_w.l(libinit2.o)
    0x08000252   0x08000252   0x00000006   Code   RO         5888    .ARM.Collect$$libinit$$0000000F  c_w.l(libinit2.o)
    0x08000258   0x08000258   0x00000000   Code   RO         5890    .ARM.Collect$$libinit$$00000011  c_w.l(libinit2.o)
    0x08000258   0x08000258   0x00000000   Code   RO         5892    .ARM.Collect$$libinit$$00000013  c_w.l(libinit2.o)
    0x08000258   0x08000258   0x00000000   Code   RO         5894    .ARM.Collect$$libinit$$00000015  c_w.l(libinit2.o)
    0x08000258   0x08000258   0x0000000a   Code   RO         5895    .ARM.Collect$$libinit$$00000016  c_w.l(libinit2.o)
    0x08000262   0x08000262   0x00000000   Code   RO         5896    .ARM.Collect$$libinit$$00000017  c_w.l(libinit2.o)
    0x08000262   0x08000262   0x00000000   Code   RO         5898    .ARM.Collect$$libinit$$00000019  c_w.l(libinit2.o)
    0x08000262   0x08000262   0x00000000   Code   RO         5900    .ARM.Collect$$libinit$$0000001B  c_w.l(libinit2.o)
    0x08000262   0x08000262   0x00000000   Code   RO         5902    .ARM.Collect$$libinit$$0000001D  c_w.l(libinit2.o)
    0x08000262   0x08000262   0x00000000   Code   RO         5904    .ARM.Collect$$libinit$$0000001F  c_w.l(libinit2.o)
    0x08000262   0x08000262   0x00000000   Code   RO         5906    .ARM.Collect$$libinit$$00000021  c_w.l(libinit2.o)
    0x08000262   0x08000262   0x00000000   Code   RO         5908    .ARM.Collect$$libinit$$00000023  c_w.l(libinit2.o)
    0x08000262   0x08000262   0x00000000   Code   RO         5910    .ARM.Collect$$libinit$$00000025  c_w.l(libinit2.o)
    0x08000262   0x08000262   0x00000000   Code   RO         5914    .ARM.Collect$$libinit$$0000002C  c_w.l(libinit2.o)
    0x08000262   0x08000262   0x00000000   Code   RO         5916    .ARM.Collect$$libinit$$0000002E  c_w.l(libinit2.o)
    0x08000262   0x08000262   0x00000000   Code   RO         5918    .ARM.Collect$$libinit$$00000030  c_w.l(libinit2.o)
    0x08000262   0x08000262   0x00000000   Code   RO         5920    .ARM.Collect$$libinit$$00000032  c_w.l(libinit2.o)
    0x08000262   0x08000262   0x00000002   Code   RO         5921    .ARM.Collect$$libinit$$00000033  c_w.l(libinit2.o)
    0x08000264   0x08000264   0x00000002   Code   RO         5963    .ARM.Collect$$libshutdown$$00000000  c_w.l(libshutdown.o)
    0x08000266   0x08000266   0x00000000   Code   RO         5982    .ARM.Collect$$libshutdown$$00000002  c_w.l(libshutdown2.o)
    0x08000266   0x08000266   0x00000000   Code   RO         5984    .ARM.Collect$$libshutdown$$00000004  c_w.l(libshutdown2.o)
    0x08000266   0x08000266   0x00000000   Code   RO         5987    .ARM.Collect$$libshutdown$$00000007  c_w.l(libshutdown2.o)
    0x08000266   0x08000266   0x00000000   Code   RO         5990    .ARM.Collect$$libshutdown$$0000000A  c_w.l(libshutdown2.o)
    0x08000266   0x08000266   0x00000000   Code   RO         5992    .ARM.Collect$$libshutdown$$0000000C  c_w.l(libshutdown2.o)
    0x08000266   0x08000266   0x00000000   Code   RO         5995    .ARM.Collect$$libshutdown$$0000000F  c_w.l(libshutdown2.o)
    0x08000266   0x08000266   0x00000002   Code   RO         5996    .ARM.Collect$$libshutdown$$00000010  c_w.l(libshutdown2.o)
    0x08000268   0x08000268   0x00000000   Code   RO         5773    .ARM.Collect$$rtentry$$00000000  c_w.l(__rtentry.o)
    0x08000268   0x08000268   0x00000000   Code   RO         5793    .ARM.Collect$$rtentry$$00000002  c_w.l(__rtentry2.o)
    0x08000268   0x08000268   0x00000006   Code   RO         5805    .ARM.Collect$$rtentry$$00000004  c_w.l(__rtentry4.o)
    0x0800026e   0x0800026e   0x00000000   Code   RO         5795    .ARM.Collect$$rtentry$$00000009  c_w.l(__rtentry2.o)
    0x0800026e   0x0800026e   0x00000004   Code   RO         5796    .ARM.Collect$$rtentry$$0000000A  c_w.l(__rtentry2.o)
    0x08000272   0x08000272   0x00000000   Code   RO         5798    .ARM.Collect$$rtentry$$0000000C  c_w.l(__rtentry2.o)
    0x08000272   0x08000272   0x00000008   Code   RO         5799    .ARM.Collect$$rtentry$$0000000D  c_w.l(__rtentry2.o)
    0x0800027a   0x0800027a   0x00000002   Code   RO         5922    .ARM.Collect$$rtexit$$00000000  c_w.l(rtexit.o)
    0x0800027c   0x0800027c   0x00000000   Code   RO         5935    .ARM.Collect$$rtexit$$00000002  c_w.l(rtexit2.o)
    0x0800027c   0x0800027c   0x00000004   Code   RO         5936    .ARM.Collect$$rtexit$$00000003  c_w.l(rtexit2.o)
    0x08000280   0x08000280   0x00000006   Code   RO         5937    .ARM.Collect$$rtexit$$00000004  c_w.l(rtexit2.o)
    0x08000286   0x08000286   0x00000002   PAD
    0x08000288   0x08000288   0x00000040   Code   RO            4    .text               startup_stm32f407xx.o
    0x080002c8   0x080002c8   0x00000034   Code   RO         3951    .text               cpu_a.o
    0x080002fc   0x080002fc   0x00000002   Code   RO         5714    .text               c_w.l(use_no_semi_2.o)
    0x080002fe   0x080002fe   0x000000ee   Code   RO         5716    .text               c_w.l(lludivv7m.o)
    0x080003ec   0x080003ec   0x00000018   Code   RO         5720    .text               c_w.l(noretval__2printf.o)
    0x08000404   0x08000404   0x00000078   Code   RO         5724    .text               c_w.l(_printf_dec.o)
    0x0800047c   0x0800047c   0x0000010e   Code   RO         5734    .text               c_w.l(__printf_wp.o)
    0x0800058a   0x0800058a   0x0000004e   Code   RO         5749    .text               c_w.l(rt_memclr_w.o)
    0x080005d8   0x080005d8   0x00000006   Code   RO         5751    .text               c_w.l(heapauxi.o)
    0x080005de   0x080005de   0x00000002   Code   RO         5771    .text               c_w.l(use_no_semi.o)
    0x080005e0   0x080005e0   0x000000b2   Code   RO         5778    .text               c_w.l(_printf_intcommon.o)
    0x08000692   0x08000692   0x0000041e   Code   RO         5780    .text               c_w.l(_printf_fp_dec.o)
    0x08000ab0   0x08000ab0   0x00000024   Code   RO         5782    .text               c_w.l(_printf_char_file.o)
    0x08000ad4   0x08000ad4   0x00000008   Code   RO         5812    .text               c_w.l(rt_locale_intlibspace.o)
    0x08000adc   0x08000adc   0x0000008a   Code   RO         5814    .text               c_w.l(lludiv10.o)
    0x08000b66   0x08000b66   0x00000002   PAD
    0x08000b68   0x08000b68   0x00000030   Code   RO         5816    .text               c_w.l(_printf_char_common.o)
    0x08000b98   0x08000b98   0x00000080   Code   RO         5818    .text               c_w.l(_printf_fp_infnan.o)
    0x08000c18   0x08000c18   0x000000e4   Code   RO         5820    .text               c_w.l(bigflt0.o)
    0x08000cfc   0x08000cfc   0x00000008   Code   RO         5845    .text               c_w.l(ferror.o)
    0x08000d04   0x08000d04   0x00000008   Code   RO         5856    .text               c_w.l(libspace.o)
    0x08000d0c   0x08000d0c   0x0000004a   Code   RO         5859    .text               c_w.l(sys_stackheap_outer.o)
    0x08000d56   0x08000d56   0x00000012   Code   RO         5863    .text               c_w.l(exit.o)
    0x08000d68   0x08000d68   0x00000080   Code   RO         5869    .text               c_w.l(strcmpv7m.o)
    0x08000de8   0x08000de8   0x0000003e   Code   RO         5823    CL$$btod_d2e        c_w.l(btod.o)
    0x08000e26   0x08000e26   0x00000046   Code   RO         5825    CL$$btod_d2e_denorm_low  c_w.l(btod.o)
    0x08000e6c   0x08000e6c   0x00000060   Code   RO         5824    CL$$btod_d2e_norm_op1  c_w.l(btod.o)
    0x08000ecc   0x08000ecc   0x00000338   Code   RO         5833    CL$$btod_div_common  c_w.l(btod.o)
    0x08001204   0x08001204   0x000000dc   Code   RO         5830    CL$$btod_e2e        c_w.l(btod.o)
    0x080012e0   0x080012e0   0x0000002a   Code   RO         5827    CL$$btod_ediv       c_w.l(btod.o)
    0x0800130a   0x0800130a   0x0000002a   Code   RO         5826    CL$$btod_emul       c_w.l(btod.o)
    0x08001334   0x08001334   0x00000244   Code   RO         5832    CL$$btod_mult_common  c_w.l(btod.o)
    0x08001578   0x08001578   0x000000ac   Code   RO         5541    CODE                os_cpu_a.o
    0x08001624   0x08001624   0x00000002   Code   RO          464    i.BusFault_Handler  stm32f4xx_it.o
    0x08001626   0x08001626   0x00000002   PAD
    0x08001628   0x08001628   0x00000018   Code   RO         3789    i.CPU_Init          cpu_core.o
    0x08001640   0x08001640   0x00000020   Code   RO         3790    i.CPU_NameClr       cpu_core.o
    0x08001660   0x08001660   0x0000000c   Code   RO         3796    i.CPU_TS_TmrFreqSet  cpu_core.o
    0x0800166c   0x0800166c   0x00000030   Code   RO         3734    i.CPU_TS_TmrInit    bsp.o
    0x0800169c   0x0800169c   0x0000000c   Code   RO         3735    i.CPU_TS_TmrRd      bsp.o
    0x080016a8   0x080016a8   0x00000002   Code   RO          465    i.DebugMon_Handler  stm32f4xx_it.o
    0x080016aa   0x080016aa   0x00000002   Code   RO           13    i.Error_Handler     main.o
    0x080016ac   0x080016ac   0x00000040   Code   RO          611    i.FSMC_NORSRAM_Extended_Timing_Init  stm32f4xx_ll_fsmc.o
    0x080016ec   0x080016ec   0x00000054   Code   RO          612    i.FSMC_NORSRAM_Init  stm32f4xx_ll_fsmc.o
    0x08001740   0x08001740   0x00000044   Code   RO          613    i.FSMC_NORSRAM_Timing_Init  stm32f4xx_ll_fsmc.o
    0x08001784   0x08001784   0x00000024   Code   RO         1192    i.HAL_DMA_Abort_IT  stm32f4xx_hal_dma.o
    0x080017a8   0x080017a8   0x00000024   Code   RO         1610    i.HAL_Delay         stm32f4xx_hal.o
    0x080017cc   0x080017cc   0x000000a8   Code   RO          332    i.HAL_FSMC_MspInit  fsmc.o
    0x08001874   0x08001874   0x000001b8   Code   RO         1084    i.HAL_GPIO_Init     stm32f4xx_hal_gpio.o
    0x08001a2c   0x08001a2c   0x0000000e   Code   RO         1087    i.HAL_GPIO_TogglePin  stm32f4xx_hal_gpio.o
    0x08001a3a   0x08001a3a   0x0000000a   Code   RO         1088    i.HAL_GPIO_WritePin  stm32f4xx_hal_gpio.o
    0x08001a44   0x08001a44   0x0000000c   Code   RO         1616    i.HAL_GetTick       stm32f4xx_hal.o
    0x08001a50   0x08001a50   0x00000010   Code   RO         1622    i.HAL_IncTick       stm32f4xx_hal.o
    0x08001a60   0x08001a60   0x00000034   Code   RO         1623    i.HAL_Init          stm32f4xx_hal.o
    0x08001a94   0x08001a94   0x00000074   Code   RO          564    i.HAL_InitTick      stm32f4xx_hal_timebase_tim.o
    0x08001b08   0x08001b08   0x00000030   Code   RO          540    i.HAL_MspInit       stm32f4xx_hal_msp.o
    0x08001b38   0x08001b38   0x0000001a   Code   RO         1473    i.HAL_NVIC_EnableIRQ  stm32f4xx_hal_cortex.o
    0x08001b52   0x08001b52   0x00000002   PAD
    0x08001b54   0x08001b54   0x00000040   Code   RO         1479    i.HAL_NVIC_SetPriority  stm32f4xx_hal_cortex.o
    0x08001b94   0x08001b94   0x00000024   Code   RO         1480    i.HAL_NVIC_SetPriorityGrouping  stm32f4xx_hal_cortex.o
    0x08001bb8   0x08001bb8   0x00000134   Code   RO          730    i.HAL_RCC_ClockConfig  stm32f4xx_hal_rcc.o
    0x08001cec   0x08001cec   0x00000040   Code   RO          734    i.HAL_RCC_GetClockConfig  stm32f4xx_hal_rcc.o
    0x08001d2c   0x08001d2c   0x0000000c   Code   RO          735    i.HAL_RCC_GetHCLKFreq  stm32f4xx_hal_rcc.o
    0x08001d38   0x08001d38   0x00000020   Code   RO          737    i.HAL_RCC_GetPCLK1Freq  stm32f4xx_hal_rcc.o
    0x08001d58   0x08001d58   0x00000020   Code   RO          738    i.HAL_RCC_GetPCLK2Freq  stm32f4xx_hal_rcc.o
    0x08001d78   0x08001d78   0x00000060   Code   RO          739    i.HAL_RCC_GetSysClockFreq  stm32f4xx_hal_rcc.o
    0x08001dd8   0x08001dd8   0x0000035c   Code   RO          742    i.HAL_RCC_OscConfig  stm32f4xx_hal_rcc.o
    0x08002134   0x08002134   0x00000056   Code   RO         1865    i.HAL_SRAM_Init     stm32f4xx_hal_sram.o
    0x0800218a   0x0800218a   0x00000004   Code   RO          334    i.HAL_SRAM_MspInit  fsmc.o
    0x0800218e   0x0800218e   0x00000002   Code   RO         2658    i.HAL_TIMEx_BreakCallback  stm32f4xx_hal_tim_ex.o
    0x08002190   0x08002190   0x00000002   Code   RO         2659    i.HAL_TIMEx_CommutCallback  stm32f4xx_hal_tim_ex.o
    0x08002192   0x08002192   0x00000002   PAD
    0x08002194   0x08002194   0x00000090   Code   RO         2676    i.HAL_TIMEx_MasterConfigSynchronization  stm32f4xx_hal_tim_ex.o
    0x08002224   0x08002224   0x00000036   Code   RO         1983    i.HAL_TIM_Base_Init  stm32f4xx_hal_tim.o
    0x0800225a   0x0800225a   0x00000002   PAD
    0x0800225c   0x0800225c   0x00000028   Code   RO          381    i.HAL_TIM_Base_MspInit  tim.o
    0x08002284   0x08002284   0x00000022   Code   RO         1988    i.HAL_TIM_Base_Start_IT  stm32f4xx_hal_tim.o
    0x080022a6   0x080022a6   0x00000002   Code   RO         2012    i.HAL_TIM_IC_CaptureCallback  stm32f4xx_hal_tim.o
    0x080022a8   0x080022a8   0x00000166   Code   RO         2026    i.HAL_TIM_IRQHandler  stm32f4xx_hal_tim.o
    0x0800240e   0x0800240e   0x00000002   Code   RO         2029    i.HAL_TIM_OC_DelayElapsedCallback  stm32f4xx_hal_tim.o
    0x08002410   0x08002410   0x00000002   Code   RO         2056    i.HAL_TIM_PWM_PulseFinishedCallback  stm32f4xx_hal_tim.o
    0x08002412   0x08002412   0x00000002   PAD
    0x08002414   0x08002414   0x00000014   Code   RO           14    i.HAL_TIM_PeriodElapsedCallback  main.o
    0x08002428   0x08002428   0x00000002   Code   RO         2069    i.HAL_TIM_TriggerCallback  stm32f4xx_hal_tim.o
    0x0800242a   0x0800242a   0x00000002   Code   RO         2930    i.HAL_UART_ErrorCallback  stm32f4xx_hal_uart.o
    0x0800242c   0x0800242c   0x00000114   Code   RO         2933    i.HAL_UART_IRQHandler  stm32f4xx_hal_uart.o
    0x08002540   0x08002540   0x00000062   Code   RO         2934    i.HAL_UART_Init     stm32f4xx_hal_uart.o
    0x080025a2   0x080025a2   0x00000002   PAD
    0x080025a4   0x080025a4   0x0000007c   Code   RO          423    i.HAL_UART_MspInit  usart.o
    0x08002620   0x08002620   0x00000002   Code   RO         2940    i.HAL_UART_RxCpltCallback  stm32f4xx_hal_uart.o
    0x08002622   0x08002622   0x00000002   Code   RO         2945    i.HAL_UART_TxCpltCallback  stm32f4xx_hal_uart.o
    0x08002624   0x08002624   0x00000002   Code   RO          466    i.HardFault_Handler  stm32f4xx_it.o
    0x08002626   0x08002626   0x00000002   PAD
    0x08002628   0x08002628   0x00000034   Code   RO         3274    i.LCD_Clear         ili93xx.o
    0x0800265c   0x0800265c   0x000000d8   Code   RO         3278    i.LCD_Display_Dir   ili93xx.o
    0x08002734   0x08002734   0x0000009a   Code   RO         3279    i.LCD_DrawLine      ili93xx.o
    0x080027ce   0x080027ce   0x00000002   PAD
    0x080027d0   0x080027d0   0x0000001c   Code   RO         3280    i.LCD_DrawPoint     ili93xx.o
    0x080027ec   0x080027ec   0x00000038   Code   RO         3281    i.LCD_DrawRectangle  ili93xx.o
    0x08002824   0x08002824   0x0000011c   Code   RO         3283    i.LCD_Fast_DrawPoint  ili93xx.o
    0x08002940   0x08002940   0x00000048   Code   RO         3284    i.LCD_Fill          ili93xx.o
    0x08002988   0x08002988   0x00000010   Code   RO         3285    i.LCD_Pow           ili93xx.o
    0x08002998   0x08002998   0x00000014   Code   RO         3286    i.LCD_RD_DATA       ili93xx.o
    0x080029ac   0x080029ac   0x00000050   Code   RO         3289    i.LCD_SSD_BackLightSet  ili93xx.o
    0x080029fc   0x080029fc   0x000001b8   Code   RO         3290    i.LCD_Scan_Dir      ili93xx.o
    0x08002bb4   0x08002bb4   0x00000104   Code   RO         3291    i.LCD_SetCursor     ili93xx.o
    0x08002cb8   0x08002cb8   0x000000e4   Code   RO         3293    i.LCD_ShowChar      ili93xx.o
    0x08002d9c   0x08002d9c   0x00000054   Code   RO         3295    i.LCD_ShowString    ili93xx.o
    0x08002df0   0x08002df0   0x00000086   Code   RO         3296    i.LCD_ShowxNum      ili93xx.o
    0x08002e76   0x08002e76   0x00000018   Code   RO         3297    i.LCD_WR_DATA       ili93xx.o
    0x08002e8e   0x08002e8e   0x00000018   Code   RO         3298    i.LCD_WR_REG        ili93xx.o
    0x08002ea6   0x08002ea6   0x00000002   PAD
    0x08002ea8   0x08002ea8   0x00000014   Code   RO         3300    i.LCD_WriteRAM_Prepare  ili93xx.o
    0x08002ebc   0x08002ebc   0x0000000c   Code   RO         3301    i.LCD_WriteReg      ili93xx.o
    0x08002ec8   0x08002ec8   0x000000d8   Code   RO          335    i.MX_FSMC_Init      fsmc.o
    0x08002fa0   0x08002fa0   0x00000110   Code   RO          308    i.MX_GPIO_Init      gpio.o
    0x080030b0   0x080030b0   0x00000044   Code   RO          382    i.MX_TIM7_Init      tim.o
    0x080030f4   0x080030f4   0x00000038   Code   RO          424    i.MX_USART1_UART_Init  usart.o
    0x0800312c   0x0800312c   0x00000002   Code   RO          467    i.MemManage_Handler  stm32f4xx_it.o
    0x0800312e   0x0800312e   0x00000008   Code   RO         4094    i.Mem_Clr           lib_mem.o
    0x08003136   0x08003136   0x00000002   PAD
    0x08003138   0x08003138   0x00000044   Code   RO         4110    i.Mem_Set           lib_mem.o
    0x0800317c   0x0800317c   0x00000002   Code   RO          468    i.NMI_Handler       stm32f4xx_it.o
    0x0800317e   0x0800317e   0x00000002   Code   RO         4363    i.OSCfg_Init        os_cfg_app.o
    0x08003180   0x08003180   0x00000010   Code   RO         5547    i.OSIdleTaskHook    os_cpu_c.o
    0x08003190   0x08003190   0x00000184   Code   RO         4395    i.OSInit            os_core.o
    0x08003314   0x08003314   0x00000024   Code   RO         5548    i.OSInitHook        os_cpu_c.o
    0x08003338   0x08003338   0x00000020   Code   RO         4396    i.OSIntEnter        os_core.o
    0x08003358   0x08003358   0x00000084   Code   RO         4397    i.OSIntExit         os_core.o
    0x080033dc   0x080033dc   0x00000074   Code   RO         4398    i.OSSched           os_core.o
    0x08003450   0x08003450   0x00000054   Code   RO         4399    i.OSSchedLock       os_core.o
    0x080034a4   0x080034a4   0x00000048   Code   RO         4400    i.OSSchedRoundRobinCfg  os_core.o
    0x080034ec   0x080034ec   0x00000068   Code   RO         4402    i.OSSchedUnlock     os_core.o
    0x08003554   0x08003554   0x00000058   Code   RO         4403    i.OSStart           os_core.o
    0x080035ac   0x080035ac   0x000000c4   Code   RO         5087    i.OSStatReset       os_stat.o
    0x08003670   0x08003670   0x0000009c   Code   RO         5088    i.OSStatTaskCPUUsageInit  os_stat.o
    0x0800370c   0x0800370c   0x00000010   Code   RO         5549    i.OSStatTaskHook    os_cpu_c.o
    0x0800371c   0x0800371c   0x000001b4   Code   RO         5118    i.OSTaskCreate      os_task.o
    0x080038d0   0x080038d0   0x00000010   Code   RO         5550    i.OSTaskCreateHook  os_cpu_c.o
    0x080038e0   0x080038e0   0x00000118   Code   RO         5119    i.OSTaskDel         os_task.o
    0x080039f8   0x080039f8   0x00000010   Code   RO         5551    i.OSTaskDelHook     os_cpu_c.o
    0x08003a08   0x08003a08   0x0000005c   Code   RO         5127    i.OSTaskResume      os_task.o
    0x08003a64   0x08003a64   0x00000010   Code   RO         5552    i.OSTaskReturnHook  os_cpu_c.o
    0x08003a74   0x08003a74   0x0000013c   Code   RO         5128    i.OSTaskSemPend     os_task.o
    0x08003bb0   0x08003bb0   0x00000094   Code   RO         5132    i.OSTaskStkChk      os_task.o
    0x08003c44   0x08003c44   0x00000138   Code   RO         5553    i.OSTaskStkInit     os_cpu_c.o
    0x08003d7c   0x08003d7c   0x00000054   Code   RO         5133    i.OSTaskSuspend     os_task.o
    0x08003dd0   0x08003dd0   0x00000058   Code   RO         5554    i.OSTaskSwHook      os_cpu_c.o
    0x08003e28   0x08003e28   0x000000ac   Code   RO         5333    i.OSTimeDly         os_time.o
    0x08003ed4   0x08003ed4   0x00000144   Code   RO         5334    i.OSTimeDlyHMSM     os_time.o
    0x08004018   0x08004018   0x00000040   Code   RO         5338    i.OSTimeTick        os_time.o
    0x08004058   0x08004058   0x00000010   Code   RO         5555    i.OSTimeTickHook    os_cpu_c.o
    0x08004068   0x08004068   0x00000002   Code   RO         4633    i.OS_Dbg_Init       os_dbg.o
    0x0800406a   0x0800406a   0x00000002   PAD
    0x0800406c   0x0800406c   0x00000018   Code   RO         4659    i.OS_FlagInit       os_flag.o
    0x08004084   0x08004084   0x00000128   Code   RO         4660    i.OS_FlagPost       os_flag.o
    0x080041ac   0x080041ac   0x00000044   Code   RO         4661    i.OS_FlagTaskRdy    os_flag.o
    0x080041f0   0x080041f0   0x00000028   Code   RO         4405    i.OS_IdleTask       os_core.o
    0x08004218   0x08004218   0x00000068   Code   RO         4406    i.OS_IdleTaskInit   os_core.o
    0x08004280   0x08004280   0x000000b0   Code   RO         4732    i.OS_IntQPost       os_int.o
    0x08004330   0x08004330   0x0000011c   Code   RO         4733    i.OS_IntQRePost     os_int.o
    0x0800444c   0x0800444c   0x00000070   Code   RO         4734    i.OS_IntQTask       os_int.o
    0x080044bc   0x080044bc   0x00000118   Code   RO         4735    i.OS_IntQTaskInit   os_int.o
    0x080045d4   0x080045d4   0x00000018   Code   RO         4766    i.OS_MemInit        os_mem.o
    0x080045ec   0x080045ec   0x00000030   Code   RO         4798    i.OS_MsgPoolCreate  os_msg.o
    0x0800461c   0x0800461c   0x00000048   Code   RO         4799    i.OS_MsgPoolInit    os_msg.o
    0x08004664   0x08004664   0x00000034   Code   RO         4800    i.OS_MsgQFreeAll    os_msg.o
    0x08004698   0x08004698   0x0000000e   Code   RO         4802    i.OS_MsgQInit       os_msg.o
    0x080046a6   0x080046a6   0x00000002   PAD
    0x080046a8   0x080046a8   0x00000084   Code   RO         4803    i.OS_MsgQPut        os_msg.o
    0x0800472c   0x0800472c   0x00000018   Code   RO         4848    i.OS_MutexInit      os_mutex.o
    0x08004744   0x08004744   0x00000050   Code   RO         4407    i.OS_Pend           os_core.o
    0x08004794   0x08004794   0x00000030   Code   RO         4410    i.OS_PendDataInit   os_core.o
    0x080047c4   0x080047c4   0x00000048   Code   RO         4411    i.OS_PendDbgNameAdd  os_core.o
    0x0800480c   0x0800480c   0x0000001c   Code   RO         4412    i.OS_PendDbgNameRemove  os_core.o
    0x08004828   0x08004828   0x0000005a   Code   RO         4416    i.OS_PendListInsertPrio  os_core.o
    0x08004882   0x08004882   0x00000026   Code   RO         4417    i.OS_PendListRemove  os_core.o
    0x080048a8   0x080048a8   0x00000036   Code   RO         4418    i.OS_PendListRemove1  os_core.o
    0x080048de   0x080048de   0x00000098   Code   RO         4421    i.OS_Post           os_core.o
    0x08004976   0x08004976   0x00000026   Code   RO         4422    i.OS_Post1          os_core.o
    0x0800499c   0x0800499c   0x00000024   Code   RO         4906    i.OS_PrioGetHighest  os_prio.o
    0x080049c0   0x080049c0   0x00000018   Code   RO         4907    i.OS_PrioInit       os_prio.o
    0x080049d8   0x080049d8   0x00000020   Code   RO         4908    i.OS_PrioInsert     os_prio.o
    0x080049f8   0x080049f8   0x00000020   Code   RO         4909    i.OS_PrioRemove     os_prio.o
    0x08004a18   0x08004a18   0x00000018   Code   RO         4952    i.OS_QInit          os_q.o
    0x08004a30   0x08004a30   0x000000c4   Code   RO         4953    i.OS_QPost          os_q.o
    0x08004af4   0x08004af4   0x00000024   Code   RO         4423    i.OS_RdyListInit    os_core.o
    0x08004b18   0x08004b18   0x00000030   Code   RO         4424    i.OS_RdyListInsert  os_core.o
    0x08004b48   0x08004b48   0x00000038   Code   RO         4425    i.OS_RdyListInsertHead  os_core.o
    0x08004b80   0x08004b80   0x00000034   Code   RO         4426    i.OS_RdyListInsertTail  os_core.o
    0x08004bb4   0x08004bb4   0x00000034   Code   RO         4427    i.OS_RdyListMoveHeadToTail  os_core.o
    0x08004be8   0x08004be8   0x00000054   Code   RO         4428    i.OS_RdyListRemove  os_core.o
    0x08004c3c   0x08004c3c   0x00000044   Code   RO         4429    i.OS_Sched0         os_core.o
    0x08004c80   0x08004c80   0x0000001c   Code   RO         4430    i.OS_SchedLockTimeMeasStart  os_core.o
    0x08004c9c   0x08004c9c   0x0000003c   Code   RO         4431    i.OS_SchedLockTimeMeasStop  os_core.o
    0x08004cd8   0x08004cd8   0x00000064   Code   RO         4432    i.OS_SchedRoundRobin  os_core.o
    0x08004d3c   0x08004d3c   0x00000018   Code   RO         5024    i.OS_SemInit        os_sem.o
    0x08004d54   0x08004d54   0x000000b4   Code   RO         5025    i.OS_SemPost        os_sem.o
    0x08004e08   0x08004e08   0x00000230   Code   RO         5089    i.OS_StatTask       os_stat.o
    0x08005038   0x08005038   0x000000bc   Code   RO         5090    i.OS_StatTaskInit   os_stat.o
    0x080050f4   0x080050f4   0x0000002a   Code   RO         4433    i.OS_TaskBlock      os_core.o
    0x0800511e   0x0800511e   0x00000002   PAD
    0x08005120   0x08005120   0x00000024   Code   RO         5135    i.OS_TaskDbgListAdd  os_task.o
    0x08005144   0x08005144   0x00000038   Code   RO         5136    i.OS_TaskDbgListRemove  os_task.o
    0x0800517c   0x0800517c   0x00000020   Code   RO         5137    i.OS_TaskInit       os_task.o
    0x0800519c   0x0800519c   0x000000c0   Code   RO         5138    i.OS_TaskInitTCB    os_task.o
    0x0800525c   0x0800525c   0x000000ec   Code   RO         5139    i.OS_TaskQPost      os_task.o
    0x08005348   0x08005348   0x0000001c   Code   RO         4434    i.OS_TaskRdy        os_core.o
    0x08005364   0x08005364   0x000000bc   Code   RO         5140    i.OS_TaskResume     os_task.o
    0x08005420   0x08005420   0x00000018   Code   RO         5141    i.OS_TaskReturn     os_task.o
    0x08005438   0x08005438   0x00000114   Code   RO         5142    i.OS_TaskSemPost    os_task.o
    0x0800554c   0x0800554c   0x000000a8   Code   RO         5143    i.OS_TaskSuspend    os_task.o
    0x080055f4   0x080055f4   0x0000002c   Code   RO         5285    i.OS_TickListInit   os_tick.o
    0x08005620   0x08005620   0x000000d8   Code   RO         5286    i.OS_TickListInsert  os_tick.o
    0x080056f8   0x080056f8   0x00000036   Code   RO         5287    i.OS_TickListRemove  os_tick.o
    0x0800572e   0x0800572e   0x00000002   PAD
    0x08005730   0x08005730   0x00000028   Code   RO         5288    i.OS_TickListResetPeak  os_tick.o
    0x08005758   0x08005758   0x00000150   Code   RO         5289    i.OS_TickListUpdate  os_tick.o
    0x080058a8   0x080058a8   0x00000028   Code   RO         5290    i.OS_TickTask       os_tick.o
    0x080058d0   0x080058d0   0x000000a8   Code   RO         5291    i.OS_TickTaskInit   os_tick.o
    0x08005978   0x08005978   0x00000104   Code   RO         5384    i.OS_TmrInit        os_tmr.o
    0x08005a7c   0x08005a7c   0x00000098   Code   RO         5385    i.OS_TmrLink        os_tmr.o
    0x08005b14   0x08005b14   0x00000028   Code   RO         5386    i.OS_TmrResetPeak   os_tmr.o
    0x08005b3c   0x08005b3c   0x000000a4   Code   RO         5387    i.OS_TmrTask        os_tmr.o
    0x08005be0   0x08005be0   0x0000004c   Code   RO         5388    i.OS_TmrUnlink      os_tmr.o
    0x08005c2c   0x08005c2c   0x00000002   Code   RO          469    i.SVC_Handler       stm32f4xx_it.o
    0x08005c2e   0x08005c2e   0x00000018   Code   RO         3619    i.SysTick_CLKSourceConfig  delay.o
    0x08005c46   0x08005c46   0x00000002   PAD
    0x08005c48   0x08005c48   0x00000020   Code   RO         3620    i.SysTick_Handler   delay.o
    0x08005c68   0x08005c68   0x00000084   Code   RO           15    i.SystemClock_Config  main.o
    0x08005cec   0x08005cec   0x0000001c   Code   RO         3236    i.SystemInit        system_stm32f4xx.o
    0x08005d08   0x08005d08   0x00002304   Code   RO         3302    i.TFTLCD_Init       ili93xx.o
    0x0800800c   0x0800800c   0x0000000c   Code   RO          470    i.TIM1_UP_TIM10_IRQHandler  stm32f4xx_it.o
    0x08008018   0x08008018   0x000000c8   Code   RO         2071    i.TIM_Base_SetConfig  stm32f4xx_hal_tim.o
    0x080080e0   0x080080e0   0x00000010   Code   RO         2947    i.UART_DMAAbortOnError  stm32f4xx_hal_uart.o
    0x080080f0   0x080080f0   0x0000001c   Code   RO         2957    i.UART_EndRxTransfer  stm32f4xx_hal_uart.o
    0x0800810c   0x0800810c   0x00000096   Code   RO         2959    i.UART_Receive_IT   stm32f4xx_hal_uart.o
    0x080081a2   0x080081a2   0x00000002   PAD
    0x080081a4   0x080081a4   0x00000128   Code   RO         2960    i.UART_SetConfig    stm32f4xx_hal_uart.o
    0x080082cc   0x080082cc   0x00000062   Code   RO         2961    i.UART_Transmit_IT  stm32f4xx_hal_uart.o
    0x0800832e   0x0800832e   0x00000002   PAD
    0x08008330   0x08008330   0x0000000c   Code   RO          471    i.USART1_IRQHandler  stm32f4xx_it.o
    0x0800833c   0x0800833c   0x00000002   Code   RO          472    i.UsageFault_Handler  stm32f4xx_it.o
    0x0800833e   0x0800833e   0x00000030   Code   RO         5854    i.__ARM_fpclassify  m_wm.l(fpclassify.o)
    0x0800836e   0x0800836e   0x00000020   Code   RO         1486    i.__NVIC_SetPriority  stm32f4xx_hal_cortex.o
    0x0800838e   0x0800838e   0x0000000e   Code   RO         5736    i._is_digit         c_w.l(__printf_wp.o)
    0x0800839c   0x0800839c   0x00000002   Code   RO           16    i._sys_exit         main.o
    0x0800839e   0x0800839e   0x00000002   PAD
    0x080083a0   0x080083a0   0x00000050   Code   RO         3621    i.delay_init        delay.o
    0x080083f0   0x080083f0   0x00000044   Code   RO         3622    i.delay_ms          delay.o
    0x08008434   0x08008434   0x0000000c   Code   RO         3625    i.delay_ostimedly   delay.o
    0x08008440   0x08008440   0x00000044   Code   RO         3626    i.delay_us          delay.o
    0x08008484   0x08008484   0x00000014   Code   RO           17    i.fputc             main.o
    0x08008498   0x08008498   0x000000f4   Code   RO           18    i.main              main.o
    0x0800858c   0x0800858c   0x0000003c   Code   RO         3537    i.my_mem_init       malloc.o
    0x080085c8   0x080085c8   0x00000038   Code   RO         3539    i.my_mem_perused    malloc.o
    0x08008600   0x08008600   0x0000000e   Code   RO         3543    i.mymemset          malloc.o
    0x0800860e   0x0800860e   0x00000002   PAD
    0x08008610   0x08008610   0x0000011c   Code   RO           19    i.start_task        main.o
    0x0800872c   0x0800872c   0x0000013c   Code   RO           20    i.task1_task        main.o
    0x08008868   0x08008868   0x00000114   Code   RO           21    i.task2_task        main.o
    0x0800897c   0x0800897c   0x00000094   Code   RO           22    i.task3_task        main.o
    0x08008a10   0x08008a10   0x0000002c   Code   RO         5850    locale$$code        c_w.l(lc_numeric_c.o)
    0x08008a3c   0x08008a3c   0x0000005a   Code   RO         5755    x$fpl$dfixu         fz_wm.l(dfixu.o)
    0x08008a96   0x08008a96   0x00000026   Code   RO         5759    x$fpl$dfltu         fz_wm.l(dflt_clz.o)
    0x08008abc   0x08008abc   0x00000154   Code   RO         5765    x$fpl$dmul          fz_wm.l(dmul.o)
    0x08008c10   0x08008c10   0x0000009c   Code   RO         5785    x$fpl$dnaninf       fz_wm.l(dnaninf.o)
    0x08008cac   0x08008cac   0x0000000c   Code   RO         5787    x$fpl$dretinf       fz_wm.l(dretinf.o)
    0x08008cb8   0x08008cb8   0x00000056   Code   RO         5767    x$fpl$f2d           fz_wm.l(f2d.o)
    0x08008d0e   0x08008d0e   0x0000008c   Code   RO         5789    x$fpl$fnaninf       fz_wm.l(fnaninf.o)
    0x08008d9a   0x08008d9a   0x0000000a   Code   RO         5932    x$fpl$fpinit        fz_wm.l(fpinit.o)
    0x08008da4   0x08008da4   0x00000004   Code   RO         5769    x$fpl$printf1       fz_wm.l(printf1.o)
    0x08008da8   0x08008da8   0x00000000   Code   RO         5791    x$fpl$usenofp       fz_wm.l(usenofp.o)
    0x08008da8   0x08008da8   0x00000010   Data   RO         3237    .constdata          system_stm32f4xx.o
    0x08008db8   0x08008db8   0x00000008   Data   RO         3238    .constdata          system_stm32f4xx.o
    0x08008dc0   0x08008dc0   0x00004740   Data   RO         3306    .constdata          ili93xx.o
    0x0800d500   0x0800d500   0x00000024   Data   RO         3551    .constdata          malloc.o
    0x0800d524   0x0800d524   0x00000094   Data   RO         4374    .constdata          os_cfg_app.o
    0x0800d5b8   0x0800d5b8   0x00000094   Data   RO         5821    .constdata          c_w.l(bigflt0.o)
    0x0800d64c   0x0800d64c   0x00000020   Data   RO         5997    Region$$Table       anon$$obj.o
    0x0800d66c   0x0800d66c   0x0000001c   Data   RO         5849    locale$$data        c_w.l(lc_numeric_c.o)


    Execution Region RW_IRAM1 (Exec base: 0x20000000, Load base: 0x0800d688, Size: 0x0001dec0, Max: 0x00020000, ABSOLUTE, COMPRESSED[0x0000004c])

    Exec Addr    Load Addr    Size         Type   Attr      Idx    E Section Name        Object

    0x20000000   COMPRESSED   0x0000003c   Data   RW           24    .data               main.o
    0x2000003c   COMPRESSED   0x00000004   Data   RW           25    .data               main.o
    0x20000040   COMPRESSED   0x00000008   Data   RW          337    .data               fsmc.o
    0x20000048   COMPRESSED   0x0000000c   Data   RW         1630    .data               stm32f4xx_hal.o
    0x20000054   COMPRESSED   0x00000004   Data   RW         3239    .data               system_stm32f4xx.o
    0x20000058   COMPRESSED   0x00000008   Data   RW         3307    .data               ili93xx.o
    0x20000060   COMPRESSED   0x00000024   Data   RW         3552    .data               malloc.o
    0x20000084   COMPRESSED   0x00000004   Data   RW         3627    .data               delay.o
    0x20000088   COMPRESSED   0x00000004   Data   RW         3801    .data               cpu_core.o
    0x2000008c   COMPRESSED   0x00000008   Data   RW         4910    .data               os_prio.o
    0x20000094   COMPRESSED   0x00000004   Data   RW         5472    .data               os_var.o
    0x20000098   COMPRESSED   0x00000004   Data   RW         5473    .data               os_var.o
    0x2000009c   COMPRESSED   0x00000004   Data   RW         5474    .data               os_var.o
    0x200000a0   COMPRESSED   0x00000004   Data   RW         5475    .data               os_var.o
    0x200000a4   COMPRESSED   0x00000004   Data   RW         5476    .data               os_var.o
    0x200000a8   COMPRESSED   0x00000004   Data   RW         5477    .data               os_var.o
    0x200000ac   COMPRESSED   0x00000004   Data   RW         5478    .data               os_var.o
    0x200000b0   COMPRESSED   0x00000004   Data   RW         5479    .data               os_var.o
    0x200000b4   COMPRESSED   0x00000001   Data   RW         5480    .data               os_var.o
    0x200000b5   COMPRESSED   0x00000001   Data   RW         5481    .data               os_var.o
    0x200000b6   COMPRESSED   0x00000002   PAD
    0x200000b8   COMPRESSED   0x00000004   Data   RW         5482    .data               os_var.o
    0x200000bc   COMPRESSED   0x00000004   Data   RW         5483    .data               os_var.o
    0x200000c0   COMPRESSED   0x00000002   Data   RW         5484    .data               os_var.o
    0x200000c2   COMPRESSED   0x00000002   Data   RW         5485    .data               os_var.o
    0x200000c4   COMPRESSED   0x00000002   Data   RW         5486    .data               os_var.o
    0x200000c6   COMPRESSED   0x00000002   PAD
    0x200000c8   COMPRESSED   0x00000004   Data   RW         5487    .data               os_var.o
    0x200000cc   COMPRESSED   0x00000004   Data   RW         5488    .data               os_var.o
    0x200000d0   COMPRESSED   0x00000002   Data   RW         5489    .data               os_var.o
    0x200000d2   COMPRESSED   0x00000002   PAD
    0x200000d4   COMPRESSED   0x00000004   Data   RW         5490    .data               os_var.o
    0x200000d8   COMPRESSED   0x00000002   Data   RW         5491    .data               os_var.o
    0x200000da   COMPRESSED   0x00000002   PAD
    0x200000dc   COMPRESSED   0x00000004   Data   RW         5492    .data               os_var.o
    0x200000e0   COMPRESSED   0x00000002   Data   RW         5493    .data               os_var.o
    0x200000e2   COMPRESSED   0x00000001   Data   RW         5494    .data               os_var.o
    0x200000e3   COMPRESSED   0x00000001   Data   RW         5495    .data               os_var.o
    0x200000e4   COMPRESSED   0x00000001   Data   RW         5496    .data               os_var.o
    0x200000e5   COMPRESSED   0x00000003   PAD
    0x200000e8   COMPRESSED   0x00000004   Data   RW         5497    .data               os_var.o
    0x200000ec   COMPRESSED   0x00000002   Data   RW         5498    .data               os_var.o
    0x200000ee   COMPRESSED   0x00000002   PAD
    0x200000f0   COMPRESSED   0x00000004   Data   RW         5499    .data               os_var.o
    0x200000f4   COMPRESSED   0x00000004   Data   RW         5500    .data               os_var.o
    0x200000f8   COMPRESSED   0x00000004   Data   RW         5501    .data               os_var.o
    0x200000fc   COMPRESSED   0x00000001   Data   RW         5502    .data               os_var.o
    0x200000fd   COMPRESSED   0x00000003   PAD
    0x20000100   COMPRESSED   0x00000004   Data   RW         5503    .data               os_var.o
    0x20000104   COMPRESSED   0x00000001   Data   RW         5504    .data               os_var.o
    0x20000105   COMPRESSED   0x00000003   PAD
    0x20000108   COMPRESSED   0x00000004   Data   RW         5505    .data               os_var.o
    0x2000010c   COMPRESSED   0x00000002   Data   RW         5506    .data               os_var.o
    0x2000010e   COMPRESSED   0x00000001   Data   RW         5507    .data               os_var.o
    0x2000010f   COMPRESSED   0x00000001   PAD
    0x20000110   COMPRESSED   0x00000002   Data   RW         5508    .data               os_var.o
    0x20000112   COMPRESSED   0x00000002   Data   RW         5509    .data               os_var.o
    0x20000114   COMPRESSED   0x00000004   Data   RW         5510    .data               os_var.o
    0x20000118   COMPRESSED   0x00000004   Data   RW         5511    .data               os_var.o
    0x2000011c   COMPRESSED   0x00000004   Data   RW         5512    .data               os_var.o
    0x20000120   COMPRESSED   0x00000001   Data   RW         5513    .data               os_var.o
    0x20000121   COMPRESSED   0x00000003   PAD
    0x20000124   COMPRESSED   0x00000004   Data   RW         5514    .data               os_var.o
    0x20000128   COMPRESSED   0x00000004   Data   RW         5515    .data               os_var.o
    0x2000012c   COMPRESSED   0x00000004   Data   RW         5516    .data               os_var.o
    0x20000130   COMPRESSED   0x00000002   Data   RW         5517    .data               os_var.o
    0x20000132   COMPRESSED   0x00000001   Data   RW         5518    .data               os_var.o
    0x20000133   COMPRESSED   0x00000001   PAD
    0x20000134   COMPRESSED   0x00000004   Data   RW         5519    .data               os_var.o
    0x20000138   COMPRESSED   0x00000004   Data   RW         5520    .data               os_var.o
    0x2000013c   COMPRESSED   0x00000004   Data   RW         5521    .data               os_var.o
    0x20000140   COMPRESSED   0x00000004   Data   RW         5523    .data               os_var.o
    0x20000144   COMPRESSED   0x00000004   Data   RW         5524    .data               os_var.o
    0x20000148   COMPRESSED   0x00000004   Data   RW         5525    .data               os_var.o
    0x2000014c   COMPRESSED   0x00000004   Data   RW         5526    .data               os_var.o
    0x20000150   COMPRESSED   0x00000004   Data   RW         5527    .data               os_var.o
    0x20000154   COMPRESSED   0x00000004   Data   RW         5528    .data               os_var.o
    0x20000158   COMPRESSED   0x00000004   Data   RW         5558    .data               os_cpu_c.o
    0x2000015c   COMPRESSED   0x00000004   PAD
    0x20000160        -       0x00001110   Zero   RW           23    .bss                main.o
    0x20001270        -       0x000000a0   Zero   RW          336    .bss                fsmc.o
    0x20001310        -       0x00000040   Zero   RW          383    .bss                tim.o
    0x20001350        -       0x00000040   Zero   RW          425    .bss                usart.o
    0x20001390        -       0x00000040   Zero   RW          567    .bss                stm32f4xx_hal_timebase_tim.o
    0x200013d0        -       0x0000000e   Zero   RW         3305    .bss                ili93xx.o
    0x200013de   COMPRESSED   0x00000002   PAD
    0x200013e0        -       0x00019000   Zero   RW         3549    .bss                malloc.o
    0x2001a3e0        -       0x00001900   Zero   RW         3550    .bss                malloc.o
    0x2001bce0        -       0x00000010   Zero   RW         3798    .bss                cpu_core.o
    0x2001bcf0        -       0x00000200   Zero   RW         4364    .bss                os_cfg_app.o
    0x2001bef0        -       0x00000140   Zero   RW         4365    .bss                os_cfg_app.o
    0x2001c030        -       0x00000200   Zero   RW         4366    .bss                os_cfg_app.o
    0x2001c230        -       0x00000200   Zero   RW         4367    .bss                os_cfg_app.o
    0x2001c430        -       0x00000640   Zero   RW         4368    .bss                os_cfg_app.o
    0x2001ca70        -       0x00000200   Zero   RW         4369    .bss                os_cfg_app.o
    0x2001cc70        -       0x00000200   Zero   RW         4370    .bss                os_cfg_app.o
    0x2001ce70        -       0x00000088   Zero   RW         4371    .bss                os_cfg_app.o
    0x2001cef8        -       0x00000200   Zero   RW         4372    .bss                os_cfg_app.o
    0x2001d0f8        -       0x00000088   Zero   RW         4373    .bss                os_cfg_app.o
    0x2001d180        -       0x000000c4   Zero   RW         5465    .bss                os_var.o
    0x2001d244        -       0x000000c4   Zero   RW         5466    .bss                os_var.o
    0x2001d308        -       0x0000000c   Zero   RW         5467    .bss                os_var.o
    0x2001d314        -       0x00000300   Zero   RW         5468    .bss                os_var.o
    0x2001d614        -       0x000000c4   Zero   RW         5469    .bss                os_var.o
    0x2001d6d8        -       0x000000c4   Zero   RW         5470    .bss                os_var.o
    0x2001d79c        -       0x000000c4   Zero   RW         5471    .bss                os_var.o
    0x2001d860        -       0x00000060   Zero   RW         5857    .bss                c_w.l(libspace.o)
    0x2001d8c0        -       0x00000200   Zero   RW            2    HEAP                startup_stm32f407xx.o
    0x2001dac0        -       0x00000400   Zero   RW            1    STACK               startup_stm32f407xx.o



  Load Region LR$$.ARM.__AT_0x10000000 (Base: 0x10000000, Size: 0x00000000, Max: 0x0000f000, ABSOLUTE)

    Execution Region ER$$.ARM.__AT_0x10000000 (Exec base: 0x10000000, Load base: 0x10000000, Size: 0x0000f000, Max: 0x0000f000, ABSOLUTE, UNINIT)

    Exec Addr    Load Addr    Size         Type   Attr      Idx    E Section Name        Object

    0x10000000        -       0x0000f000   Zero   RW         3545    .ARM.__AT_0x10000000  malloc.o



  Load Region LR$$.ARM.__AT_0x1000F000 (Base: 0x1000f000, Size: 0x00000000, Max: 0x00000f00, ABSOLUTE)

    Execution Region ER$$.ARM.__AT_0x1000F000 (Exec base: 0x1000f000, Load base: 0x1000f000, Size: 0x00000f00, Max: 0x00000f00, ABSOLUTE, UNINIT)

    Exec Addr    Load Addr    Size         Type   Attr      Idx    E Section Name        Object

    0x1000f000        -       0x00000f00   Zero   RW         3546    .ARM.__AT_0x1000F000  malloc.o



  Load Region LR$$.ARM.__AT_0x68000000 (Base: 0x68000000, Size: 0x00000000, Max: 0x000f0000, ABSOLUTE)

    Execution Region ER$$.ARM.__AT_0x68000000 (Exec base: 0x68000000, Load base: 0x68000000, Size: 0x000f0000, Max: 0x000f0000, ABSOLUTE, UNINIT)

    Exec Addr    Load Addr    Size         Type   Attr      Idx    E Section Name        Object

    0x68000000        -       0x000f0000   Zero   RW         3547    .ARM.__AT_0x68000000  malloc.o



  Load Region LR$$.ARM.__AT_0x680F0000 (Base: 0x680f0000, Size: 0x00000000, Max: 0x0000f000, ABSOLUTE)

    Execution Region ER$$.ARM.__AT_0x680F0000 (Exec base: 0x680f0000, Load base: 0x680f0000, Size: 0x0000f000, Max: 0x0000f000, ABSOLUTE, UNINIT)

    Exec Addr    Load Addr    Size         Type   Attr      Idx    E Section Name        Object

    0x680f0000        -       0x0000f000   Zero   RW         3548    .ARM.__AT_0x680F0000  malloc.o


==============================================================================

Image component sizes


      Code (inc. data)   RO Data    RW Data    ZI Data      Debug   Object Name

        60         16          0          0          0       1786   bsp.o
        52          0          0          0          0        356   cpu_a.o
        68         16          0          4         16      11642   cpu_core.o
       284         36          0          4          0       4797   delay.o
       388         36          0          8        160       2514   fsmc.o
       272         20          0          0          0       1195   gpio.o
     11168         94      18240          8         14      23283   ili93xx.o
        76          0          0          0          0       1816   lib_mem.o
      1444        336          0         64       4368     748382   main.o
       130         16         36         36    1218560       3972   malloc.o
         2          0        148          0       5264      20962   os_cfg_app.o
      2414        416          0          0          0      22661   os_core.o
       172         32          0          0          0        424   os_cpu_a.o
       532         60          0          4          0       7224   os_cpu_c.o
         2          0          0          0          0        526   os_dbg.o
       388         28          0          0          0       3255   os_flag.o
       852        202          0          0          0       3814   os_int.o
        24         10          0          0          0        925   os_mem.o
       318         22          0          0          0       4108   os_msg.o
        24         10          0          0          0       1009   os_mutex.o
       124         16          0          8          0       3058   os_prio.o
       220         20          0          0          0       2372   os_q.o
       204         16          0          0          0       2218   os_sem.o
      1100        212          0          0          0       4187   os_stat.o
      2564        248          0          0          0      14488   os_task.o
       898        128          0          0          0       6057   os_tick.o
       560         44          0          0          0       3173   os_time.o
       692        136          0          0          0       4432   os_tmr.o
         0          0          0        172       1760      19389   os_var.o
        64         26        392          0       1536        872   startup_stm32f407xx.o
       116         18          0         12          0       8926   stm32f4xx_hal.o
       158         14          0          0          0      33302   stm32f4xx_hal_cortex.o
        36          0          0          0          0       1267   stm32f4xx_hal_dma.o
       464         46          0          0          0       3133   stm32f4xx_hal_gpio.o
        48          6          0          0          0        914   stm32f4xx_hal_msp.o
      1404         88          0          0          0       6597   stm32f4xx_hal_rcc.o
        86          0          0          0          0       1272   stm32f4xx_hal_sram.o
       654         44          0          0          0       6969   stm32f4xx_hal_tim.o
       148         28          0          0          0       2569   stm32f4xx_hal_tim_ex.o
       116         16          0          0         64       1507   stm32f4xx_hal_timebase_tim.o
       968         16          0          0          0       7771   stm32f4xx_hal_uart.o
        38         12          0          0          0       4454   stm32f4xx_it.o
       216         12          0          0          0       2819   stm32f4xx_ll_fsmc.o
        28          6         24          4          0       1239   system_stm32f4xx.o
       108         20          0          0         64       1678   tim.o
       180         22          0          0         64       1834   usart.o

    ----------------------------------------------------------------------
     29902       2544      18872        348    1231876    1011148   Object Totals
         0          0         32          0          0          0   (incl. Generated)
        38          0          0         24          6          0   (incl. Padding)

    ----------------------------------------------------------------------

      Code (inc. data)   RO Data    RW Data    ZI Data      Debug   Library Member Name

        90          0          0          0          0          0   __dczerorl2.o
         8          0          0          0          0         68   __main.o
       284          0          0          0          0        156   __printf_wp.o
         0          0          0          0          0          0   __rtentry.o
        12          0          0          0          0          0   __rtentry2.o
         6          0          0          0          0          0   __rtentry4.o
        52          8          0          0          0          0   __scatter.o
        28          0          0          0          0          0   __scatter_zi.o
        48          6          0          0          0         96   _printf_char_common.o
        36          4          0          0          0         80   _printf_char_file.o
         6          0          0          0          0          0   _printf_d.o
       120         16          0          0          0         92   _printf_dec.o
         6          0          0          0          0          0   _printf_f.o
      1054          0          0          0          0        216   _printf_fp_dec.o
       128         16          0          0          0         84   _printf_fp_infnan.o
       178          0          0          0          0         88   _printf_intcommon.o
         0          0          0          0          0          0   _printf_percent.o
         4          0          0          0          0          0   _printf_percent_end.o
       228          4        148          0          0         96   bigflt0.o
      1936        128          0          0          0        672   btod.o
        18          0          0          0          0         80   exit.o
         8          0          0          0          0         68   ferror.o
         6          0          0          0          0        152   heapauxi.o
        44         10         28          0          0         76   lc_numeric_c.o
         2          0          0          0          0          0   libinit.o
        22          0          0          0          0          0   libinit2.o
         2          0          0          0          0          0   libshutdown.o
         2          0          0          0          0          0   libshutdown2.o
         8          4          0          0         96         68   libspace.o
       138          0          0          0          0         80   lludiv10.o
       238          0          0          0          0        100   lludivv7m.o
        24          4          0          0          0         84   noretval__2printf.o
         8          4          0          0          0         68   rt_locale_intlibspace.o
        78          0          0          0          0         80   rt_memclr_w.o
         2          0          0          0          0          0   rtexit.o
        10          0          0          0          0          0   rtexit2.o
       128          0          0          0          0         68   strcmpv7m.o
        74          0          0          0          0         80   sys_stackheap_outer.o
         2          0          0          0          0         68   use_no_semi.o
         2          0          0          0          0         68   use_no_semi_2.o
        90          4          0          0          0        140   dfixu.o
        38          0          0          0          0        116   dflt_clz.o
       340         12          0          0          0        152   dmul.o
       156          4          0          0          0        140   dnaninf.o
        12          0          0          0          0        116   dretinf.o
        86          4          0          0          0        132   f2d.o
       140          4          0          0          0        132   fnaninf.o
        10          0          0          0          0        116   fpinit.o
         4          0          0          0          0        116   printf1.o
         0          0          0          0          0          0   usenofp.o
        48          0          0          0          0        124   fpclassify.o

    ----------------------------------------------------------------------
      5970        232        176          0         96       4072   Library Totals
         6          0          0          0          0          0   (incl. Padding)

    ----------------------------------------------------------------------

      Code (inc. data)   RO Data    RW Data    ZI Data      Debug   Library Name

      5040        204        176          0         96       2788   c_w.l
       876         28          0          0          0       1160   fz_wm.l
        48          0          0          0          0        124   m_wm.l

    ----------------------------------------------------------------------
      5970        232        176          0         96       4072   Library Totals

    ----------------------------------------------------------------------

==============================================================================


      Code (inc. data)   RO Data    RW Data    ZI Data      Debug   

     35872       2776      19048        348    1231972     992912   Grand Totals
     35872       2776      19048         76    1231972     992912   ELF Image Totals (compressed)
     35872       2776      19048         76          0          0   ROM Totals

==============================================================================

    Total RO  Size (Code + RO Data)                54920 (  53.63kB)
    Total RW  Size (RW Data + ZI Data)           1232320 (1203.44kB)
    Total ROM Size (Code + RO Data + RW Data)      54996 (  53.71kB)

==============================================================================

